Archive member included because of file (symbol)

/opt/ps3dev/portlibs/ppu/lib/libSimpleRSX.a(Font.o)
                              main.o (_ZN4FontD1Ev)
/opt/ps3dev/portlibs/ppu/lib/libSimpleRSX.a(Image.o)
                              main.o (_ZN5ImageC1EP3RSX)
/opt/ps3dev/portlibs/ppu/lib/libSimpleRSX.a(RSX.o)
                              main.o (_ZN3RSX4stopEv)
/opt/ps3dev/portlibs/ppu/lib/libfreetype.a(ftinit.o)
                              /opt/ps3dev/portlibs/ppu/lib/libSimpleRSX.a(Font.o) (FT_Init_FreeType)
/opt/ps3dev/portlibs/ppu/lib/libfreetype.a(ftbase.o)
                              /opt/ps3dev/portlibs/ppu/lib/libSimpleRSX.a(Font.o) (.FT_Load_Glyph)
/opt/ps3dev/portlibs/ppu/lib/libfreetype.a(truetype.o)
                              /opt/ps3dev/portlibs/ppu/lib/libfreetype.a(ftinit.o) (tt_driver_class)
/opt/ps3dev/portlibs/ppu/lib/libfreetype.a(type1.o)
                              /opt/ps3dev/portlibs/ppu/lib/libfreetype.a(ftinit.o) (t1_driver_class)
/opt/ps3dev/portlibs/ppu/lib/libfreetype.a(cff.o)
                              /opt/ps3dev/portlibs/ppu/lib/libfreetype.a(ftinit.o) (cff_driver_class)
/opt/ps3dev/portlibs/ppu/lib/libfreetype.a(type1cid.o)
                              /opt/ps3dev/portlibs/ppu/lib/libfreetype.a(ftinit.o) (t1cid_driver_class)
/opt/ps3dev/portlibs/ppu/lib/libfreetype.a(pfr.o)
                              /opt/ps3dev/portlibs/ppu/lib/libfreetype.a(ftinit.o) (pfr_driver_class)
/opt/ps3dev/portlibs/ppu/lib/libfreetype.a(type42.o)
                              /opt/ps3dev/portlibs/ppu/lib/libfreetype.a(ftinit.o) (t42_driver_class)
/opt/ps3dev/portlibs/ppu/lib/libfreetype.a(winfnt.o)
                              /opt/ps3dev/portlibs/ppu/lib/libfreetype.a(ftinit.o) (winfnt_driver_class)
/opt/ps3dev/portlibs/ppu/lib/libfreetype.a(pcf.o)
                              /opt/ps3dev/portlibs/ppu/lib/libfreetype.a(ftinit.o) (pcf_driver_class)
/opt/ps3dev/portlibs/ppu/lib/libfreetype.a(bdf.o)
                              /opt/ps3dev/portlibs/ppu/lib/libfreetype.a(ftinit.o) (bdf_driver_class)
/opt/ps3dev/portlibs/ppu/lib/libfreetype.a(sfnt.o)
                              /opt/ps3dev/portlibs/ppu/lib/libfreetype.a(ftinit.o) (sfnt_module_class)
/opt/ps3dev/portlibs/ppu/lib/libfreetype.a(autofit.o)
                              /opt/ps3dev/portlibs/ppu/lib/libfreetype.a(ftinit.o) (autofit_module_class)
/opt/ps3dev/portlibs/ppu/lib/libfreetype.a(pshinter.o)
                              /opt/ps3dev/portlibs/ppu/lib/libfreetype.a(ftinit.o) (pshinter_module_class)
/opt/ps3dev/portlibs/ppu/lib/libfreetype.a(raster.o)
                              /opt/ps3dev/portlibs/ppu/lib/libfreetype.a(ftinit.o) (ft_raster1_renderer_class)
/opt/ps3dev/portlibs/ppu/lib/libfreetype.a(smooth.o)
                              /opt/ps3dev/portlibs/ppu/lib/libfreetype.a(ftinit.o) (ft_smooth_renderer_class)
/opt/ps3dev/portlibs/ppu/lib/libfreetype.a(ftgzip.o)
                              /opt/ps3dev/portlibs/ppu/lib/libfreetype.a(pcf.o) (FT_Stream_OpenGzip)
/opt/ps3dev/portlibs/ppu/lib/libfreetype.a(ftlzw.o)
                              /opt/ps3dev/portlibs/ppu/lib/libfreetype.a(pcf.o) (FT_Stream_OpenLZW)
/opt/ps3dev/portlibs/ppu/lib/libfreetype.a(psaux.o)
                              /opt/ps3dev/portlibs/ppu/lib/libfreetype.a(ftinit.o) (psaux_module_class)
/opt/ps3dev/portlibs/ppu/lib/libfreetype.a(psnames.o)
                              /opt/ps3dev/portlibs/ppu/lib/libfreetype.a(ftinit.o) (psnames_module_class)
/opt/ps3dev/portlibs/ppu/lib/libfreetype.a(ftsystem.o)
                              /opt/ps3dev/portlibs/ppu/lib/libfreetype.a(ftbase.o) (FT_Stream_Open)
/opt/ps3dev/psl1ght/ppu/lib/libgcm_sys.a(sprx.o)
                              /opt/ps3dev/portlibs/ppu/lib/libSimpleRSX.a(RSX.o) (gcmSetFlip)
/opt/ps3dev/psl1ght/ppu/lib/librsx.a(init.o)
                              /opt/ps3dev/portlibs/ppu/lib/libSimpleRSX.a(RSX.o) (rsxInit)
/opt/ps3dev/psl1ght/ppu/lib/librsx.a(buffer.o)
                              /opt/ps3dev/portlibs/ppu/lib/libSimpleRSX.a(RSX.o) (rsxFlushBuffer)
/opt/ps3dev/psl1ght/ppu/lib/librsx.a(commands.o)
                              /opt/ps3dev/psl1ght/ppu/lib/librsx.a(buffer.o) (rsxSetJumpCommand)
/opt/ps3dev/psl1ght/ppu/lib/librsx.a(mm.o)
                              /opt/ps3dev/psl1ght/ppu/lib/librsx.a(init.o) (rsxHeapInit)
/opt/ps3dev/psl1ght/ppu/lib/librsx.a(vertex_program.o)
                              /opt/ps3dev/psl1ght/ppu/lib/librsx.a(commands.o) (rsxVertexProgramGetConsts)
/opt/ps3dev/psl1ght/ppu/lib/librsx.a(fragment_program.o)
                              /opt/ps3dev/psl1ght/ppu/lib/librsx.a(commands.o) (rsxFragmentProgramGetConsts)
/opt/ps3dev/psl1ght/ppu/lib/libsysutil.a(sprx.o)
                              /opt/ps3dev/portlibs/ppu/lib/libSimpleRSX.a(RSX.o) (videoConfigure)
/opt/ps3dev/psl1ght/ppu/lib/libio.a(sprx.o)
                              main.o (ioPadEnd)
/opt/ps3dev/psl1ght/ppu/lib/libjpgdec.a(jpgdec.o)
[...]
Memory Configuration

Name             Origin             Length             Attributes
*default*        0x0000000000000000 0xffffffffffffffff

Linker script and memory map

                0x0000000000010000                PROVIDE (__executable_start, 0x10000)
                0x0000000000010200                . = (0x10000 + SIZEOF_HEADERS)

.interp
 *(.interp)

.hash
 *(.hash)

.dynsym
 *(.dynsym)

.dynstr
 *(.dynstr)

.gnu.version
 *(.gnu.version)

.gnu.version_d
 *(.gnu.version_d)

.gnu.version_r
 *(.gnu.version_r)

.rel.dyn
 *(.rel.init)
 *(.rel.text .rel.text.* .rel.gnu.linkonce.t.*)
 *(.rel.fini)
 *(.rel.rodata .rel.rodata.* .rel.gnu.linkonce.r.*)
 *(.rel.data.rel.ro*)
 *(.rel.data .rel.data.* .rel.gnu.linkonce.d.*)
 *(.rel.tdata .rel.tdata.* .rel.gnu.linkonce.td.*)
 *(.rel.tbss .rel.tbss.* .rel.gnu.linkonce.tb.*)
 *(.rel.ctors)
 *(.rel.dtors)
 *(.rel.got)
 *(.rel.sdata .rel.sdata.* .rel.gnu.linkonce.s.*)
 *(.rel.sbss .rel.sbss.* .rel.gnu.linkonce.sb.*)
 *(.rel.sdata2 .rel.sdata2.* .rel.gnu.linkonce.s2.*)
 *(.rel.sbss2 .rel.sbss2.* .rel.gnu.linkonce.sb2.*)
 *(.rel.bss .rel.bss.* .rel.gnu.linkonce.b.*)

.rela.dyn       0x0000000000010200        0x0
 *(.rela.init)
 *(.rela.text .rela.text.* .rela.gnu.linkonce.t.*)
 *(.rela.fini)
 *(.rela.rodata .rela.rodata.* .rela.gnu.linkonce.r.*)
 *(.rela.data .rela.data.* .rela.gnu.linkonce.d.*)
 .rela.data.rel.ro._ZTI4Font
                0x0000000000000000        0x0 linker stubs
 .rela.data.rel.ro._ZTV4Font
                0x0000000000000000        0x0 linker stubs
 .rela.data.rel.ro._ZTI5Image
                0x0000000000000000        0x0 linker stubs
 .rela.data.rel.ro._ZTV5Image
                0x0000000000000000        0x0 linker stubs
 .rela.data.rel.ro._ZTI3RSX
                0x0000000000000000        0x0 linker stubs
 .rela.data.rel.ro._ZTV3RSX
                0x0000000000000000        0x0 linker stubs
 .rela.data.rel.ro.ft_default_modules
                0x0000000000000000        0x0 linker stubs
 .rela.data.rel.ro._ZTIN10__cxxabiv117__class_type_infoE
                0x0000000000000000        0x0 linker stubs
 .rela.data.rel.ro._ZTVN10__cxxabiv117__class_type_infoE
                0x0000000000000000        0x0 linker stubs
 .rela.data.rel.ro._ZTISt9type_info
                0x0000000000000000        0x0 linker stubs
 .rela.data.rel.ro._ZTVSt9type_info
                0x0000000000000000        0x0 linker stubs
 .rela.data.rel.ro._ZTISt9bad_alloc
                0x0000000000000000        0x0 linker stubs
 .rela.data.rel.ro._ZTVSt9bad_alloc
                0x0000000000000000        0x0 linker stubs
 .rela.data.rel.ro._ZTIN10__cxxabiv120__si_class_type_infoE
                0x0000000000000000        0x0 linker stubs
 .rela.data.rel.ro._ZTVN10__cxxabiv120__si_class_type_infoE
                0x0000000000000000        0x0 linker stubs
 .rela.data.rel.ro._ZTISt9exception
                0x0000000000000000        0x0 linker stubs
 .rela.data.rel.ro._ZTISt13bad_exception
                0x0000000000000000        0x0 linker stubs
 .rela.data.rel.ro._ZTIN10__cxxabiv115__forced_unwindE
                0x0000000000000000        0x0 linker stubs
 .rela.data.rel.ro._ZTIN10__cxxabiv119__foreign_exceptionE
                0x0000000000000000        0x0 linker stubs
 .rela.data.rel.ro._ZTVSt9exception
                0x0000000000000000        0x0 linker stubs
 .rela.data.rel.ro._ZTVSt13bad_exception
                0x0000000000000000        0x0 linker stubs
 .rela.data.rel.ro._ZTVN10__cxxabiv115__forced_unwindE
                0x0000000000000000        0x0 linker stubs
 .rela.data.rel.ro._ZTVN10__cxxabiv119__foreign_exceptionE
                0x0000000000000000        0x0 linker stubs
 .rela.data.rel._ZN10__cxxabiv119__terminate_handlerE
                0x0000000000000000        0x0 linker stubs
 *(.rela.tdata .rela.tdata.* .rela.gnu.linkonce.td.*)
 *(.rela.tbss .rela.tbss.* .rela.gnu.linkonce.tb.*)
 *(.rela.ctors)
 *(.rela.dtors)
 *(.rela.got)
 *(.rela.toc)
 .rela.toc      0x0000000000000000        0x0 linker stubs
 *(.rela.sdata .rela.sdata.* .rela.gnu.linkonce.s.*)
 *(.rela.sbss .rela.sbss.* .rela.gnu.linkonce.sb.*)
 *(.rela.sdata2 .rela.sdata2.* .rela.gnu.linkonce.s2.*)
 *(.rela.sbss2 .rela.sbss2.* .rela.gnu.linkonce.sb2.*)
 *(.rela.bss .rela.bss.* .rela.gnu.linkonce.b.*)
 .rela.iplt     0x0000000000000000        0x0 linker stubs
 .rela.sys_proc_prx_param
                0x0000000000000000        0x0 linker stubs
 .rela.eh_frame
                0x0000000000000000        0x0 linker stubs
 .rela.opd      0x0000000000000000        0x0 linker stubs
 .rela.gcc_except_table._Znam
                0x0000000000000000        0x0 linker stubs
 .rela.gcc_except_table._Znwm
                0x0000000000000000        0x0 linker stubs
 .rela.gcc_except_table._ZN9__gnu_cxx27__verbose_terminate_handlerEv
                0x0000000000000000        0x0 linker stubs

.rel.plt
 *(.rel.plt)

.rela.plt
 *(.rela.plt)

.rela.tocbss
 *(.rela.tocbss)

.init           0x0000000000010200       0x2c
 *(.init)
 .init          0x0000000000010200        0xc /opt/ps3dev/ppu/lib/gcc/powerpc64-ps3-elf/4.7.0/../../../../powerpc64-ps3-elf/lib/lv2-crti.o
                0x0000000000010200                ._init
 .init          0x000000000001020c        0x8 /opt/ps3dev/ppu/lib/gcc/powerpc64-ps3-elf/4.7.0/crtbegin.o
 .init          0x0000000000010214        0x8 /opt/ps3dev/ppu/lib/gcc/powerpc64-ps3-elf/4.7.0/crtend.o
 .init          0x000000000001021c       0x10 /opt/ps3dev/ppu/lib/gcc/powerpc64-ps3-elf/4.7.0/../../../../powerpc64-ps3-elf/lib/lv2-crtn.o

.text           0x0000000000010230    0xdba24
 *(.text .stub .text.* .gnu.linkonce.t.*)
 .text          0x0000000000010230        0x0 /opt/ps3dev/ppu/lib/gcc/powerpc64-ps3-elf/4.7.0/../../../../powerpc64-ps3-elf/lib/lv2-crti.o
 .text          0x0000000000010230        0x0 /opt/ps3dev/ppu/lib/gcc/powerpc64-ps3-elf/4.7.0/crtbegin.o
 .text.deregister_tm_clones
                0x0000000000010230       0x5c /opt/ps3dev/ppu/lib/gcc/powerpc64-ps3-elf/4.7.0/crtbegin.o
 *fill*         0x000000000001028c        0x4 60000000
 .text.register_tm_clones
                0x0000000000010290       0x60 /opt/ps3dev/ppu/lib/gcc/powerpc64-ps3-elf/4.7.0/crtbegin.o
 .text.__do_global_dtors_aux
                0x00000000000102f0       0xcc /opt/ps3dev/ppu/lib/gcc/powerpc64-ps3-elf/4.7.0/crtbegin.o
 *fill*         0x00000000000103bc        0x4 60000000
 .text.frame_dummy
                0x00000000000103c0       0x70 /opt/ps3dev/ppu/lib/gcc/powerpc64-ps3-elf/4.7.0/crtbegin.o
 .text          0x0000000000010430       0x58 /opt/ps3dev/ppu/lib/gcc/powerpc64-ps3-elf/4.7.0/../../../../powerpc64-ps3-elf/lib/lv2-crt0.o
                0x0000000000010430                ._start
 .text.startup.__syscalls_init
                0x0000000000010488      0x12c /opt/ps3dev/ppu/lib/gcc/powerpc64-ps3-elf/4.7.0/../../../../powerpc64-ps3-elf/lib/lv2-crt0.o
 *fill*         0x00000000000105b4        0x4 60000000
 .text._initialize
                0x00000000000105b8       0x40 /opt/ps3dev/ppu/lib/gcc/powerpc64-ps3-elf/4.7.0/../../../../powerpc64-ps3-elf/lib/lv2-crt0.o
                0x00000000000105b8                ._initialize
 .text          0x00000000000105f8        0x0 /opt/ps3dev/ppu/lib/gcc/powerpc64-ps3-elf/4.7.0/../../../../powerpc64-ps3-elf/lib/lv2-sprx.o
 .text          0x00000000000105f8        0x0 image.png.o
 .text          0x00000000000105f8        0x0 main.o
 .text.startup.main
                0x00000000000105f8      0x4cc main.o
                0x00000000000105f8                .main
 .text          0x0000000000010ac4        0x0 /opt/ps3dev/portlibs/ppu/lib/libSimpleRSX.a(Font.o)
 *fill*         0x0000000000010ac4        0x4 60000000
 .text._ZN4FontD2Ev
                0x0000000000010ac8       0x70 /opt/ps3dev/portlibs/ppu/lib/libSimpleRSX.a(Font.o)
                0x0000000000010ac8                ._ZN4FontD2Ev
                0x0000000000010ac8                ._ZN4FontD1Ev
 .text._ZN4FontD0Ev
                0x0000000000010b38       0x44 /opt/ps3dev/portlibs/ppu/lib/libSimpleRSX.a(Font.o)
                0x0000000000010b38                ._ZN4FontD0Ev
 *fill*         0x0000000000010b7c        0x4 60000000
 .text._ZN4FontC2EP3RSX
                0x0000000000010b80       0x48 /opt/ps3dev/portlibs/ppu/lib/libSimpleRSX.a(Font.o)
                0x0000000000010b80                ._ZN4FontC1EP3RSX
                0x0000000000010b80                ._ZN4FontC2EP3RSX
 .text._ZN4FontC2EP3RSXj
                0x0000000000010bc8       0x40 /opt/ps3dev/portlibs/ppu/lib/libSimpleRSX.a(Font.o)
                0x0000000000010bc8                ._ZN4FontC1EP3RSXj
                0x0000000000010bc8                ._ZN4FontC2EP3RSXj
 .text._ZN4Font9fillGlyphERP14FT_LibraryRec_RP11FT_FaceRec_Rj
                0x0000000000010c08      0x364 /opt/ps3dev/portlibs/ppu/lib/libSimpleRSX.a(Font.o)
                0x0000000000010c08                ._ZN4Font9fillGlyphERP14FT_LibraryRec_RP11FT_FaceRec_Rj
 *fill*         0x0000000000010f6c        0x4 60000000
 .text._ZN4Font4openEPKvjj
                0x0000000000010f70       0xc8 /opt/ps3dev/portlibs/ppu/lib/libSimpleRSX.a(Font.o)
                0x0000000000010f70                ._ZN4Font4openEPKvjj
 .text._ZN4Font4openEPKcj
                0x0000000000011038       0xd0 /opt/ps3dev/portlibs/ppu/lib/libSimpleRSX.a(Font.o)
                0x0000000000011038                ._ZN4Font4openEPKcj
 .text._ZN4Font4openENS_10_fontps3_tEj
                0x0000000000011108       0x64 /opt/ps3dev/portlibs/ppu/lib/libSimpleRSX.a(Font.o)
                0x0000000000011108                ._ZN4Font4openENS_10_fontps3_tEj
 *fill*         0x000000000001116c        0x4 60000000
 .text._ZN4Font5alphaEjjc
                0x0000000000011170      0x1f0 /opt/ps3dev/portlibs/ppu/lib/libSimpleRSX.a(Font.o)
                0x0000000000011170                ._ZN4Font5alphaEjjc
 .text._ZN4Font10alphaPrintEPKctt
                0x0000000000011360       0xe0 /opt/ps3dev/portlibs/ppu/lib/libSimpleRSX.a(Font.o)
                0x0000000000011360                ._ZN4Font10alphaPrintEPKctt
 .text._ZN4Font4copyEjjc
                0x0000000000011440      0x120 /opt/ps3dev/portlibs/ppu/lib/libSimpleRSX.a(Font.o)
                0x0000000000011440                ._ZN4Font4copyEjjc
 .text._ZN4Font9copyPrintEPKctt
                0x0000000000011560       0xe0 /opt/ps3dev/portlibs/ppu/lib/libSimpleRSX.a(Font.o)
                0x0000000000011560                ._ZN4Font9copyPrintEPKctt
 .text          0x0000000000011640        0x0 /opt/ps3dev/portlibs/ppu/lib/libSimpleRSX.a(Image.o)
 .text._ZN5ImageC2EP3RSX
                0x0000000000011640       0x8c /opt/ps3dev/portlibs/ppu/lib/libSimpleRSX.a(Image.o)
                0x0000000000011640                ._ZN5ImageC1EP3RSX
                0x0000000000011640                ._ZN5ImageC2EP3RSX
 *fill*         0x00000000000116cc        0x4 60000000
 .text._ZN5Image5clearEv
                0x00000000000116d0       0x7c /opt/ps3dev/portlibs/ppu/lib/libSimpleRSX.a(Image.o)
                0x00000000000116d0                ._ZN5Image5clearEv
 *fill*         0x000000000001174c        0x4 60000000
 .text._ZN5ImageD2Ev
                0x0000000000011750       0x7c /opt/ps3dev/portlibs/ppu/lib/libSimpleRSX.a(Image.o)
                0x0000000000011750                ._ZN5ImageD1Ev
                0x0000000000011750                ._ZN5ImageD2Ev
 *fill*         0x00000000000117cc        0x4 60000000
 .text._ZN5ImageD0Ev
                0x00000000000117d0       0x44 /opt/ps3dev/portlibs/ppu/lib/libSimpleRSX.a(Image.o)
                0x00000000000117d0                ._ZN5ImageD0Ev
 *fill*         0x0000000000011814        0x4 60000000
 .text._ZN5Image5widthEv
                0x0000000000011818       0x14 /opt/ps3dev/portlibs/ppu/lib/libSimpleRSX.a(Image.o)
                0x0000000000011818                ._ZN5Image5widthEv
 *fill*         0x000000000001182c        0x4 60000000
 .text._ZN5Image6heightEv
                0x0000000000011830       0x14 /opt/ps3dev/portlibs/ppu/lib/libSimpleRSX.a(Image.o)
                0x0000000000011830                ._ZN5Image6heightEv
 *fill*         0x0000000000011844        0x4 60000000
 .text._ZN5Image5pitchEv
                0x0000000000011848       0x14 /opt/ps3dev/portlibs/ppu/lib/libSimpleRSX.a(Image.o)
                0x0000000000011848                ._ZN5Image5pitchEv
 *fill*         0x000000000001185c        0x4 60000000
 .text._ZN5Image5alphaEjj
                0x0000000000011860      0x1a0 /opt/ps3dev/portlibs/ppu/lib/libSimpleRSX.a(Image.o)
                0x0000000000011860                ._ZN5Image5alphaEjj
 .text._ZN5Image4copyEjj
                0x0000000000011a00       0xe0 /opt/ps3dev/portlibs/ppu/lib/libSimpleRSX.a(Image.o)
                0x0000000000011a00                ._ZN5Image4copyEjj
 .text._ZN5Image13jpegMoveToRSXEPv
                0x0000000000011ae0       0xcc /opt/ps3dev/portlibs/ppu/lib/libSimpleRSX.a(Image.o)
                0x0000000000011ae0                ._ZN5Image13jpegMoveToRSXEPv
 *fill*         0x0000000000011bac        0x4 60000000
 .text._ZN5Image4openEPKc
                0x0000000000011bb0      0x1e0 /opt/ps3dev/portlibs/ppu/lib/libSimpleRSX.a(Image.o)
                0x0000000000011bb0                ._ZN5Image4openEPKc
 .text._ZN5Image4openEPKvjNS_10_imgtype_tE
                0x0000000000011d90      0x16c /opt/ps3dev/portlibs/ppu/lib/libSimpleRSX.a(Image.o)
                0x0000000000011d90                ._ZN5Image4openEPKvjNS_10_imgtype_tE
 *fill*         0x0000000000011efc        0x4 60000000
 .text._ZN5Image12pngMoveToRSXEPv
                0x0000000000011f00       0xcc /opt/ps3dev/portlibs/ppu/lib/libSimpleRSX.a(Image.o)
                0x0000000000011f00                ._ZN5Image12pngMoveToRSXEPv
 .text          0x0000000000011fcc        0x0 /opt/ps3dev/portlibs/ppu/lib/libSimpleRSX.a(RSX.o)
 *fill*         0x0000000000011fcc        0x4 60000000
 .text._ZN3RSX4stopEv
                0x0000000000011fd0       0x88 /opt/ps3dev/portlibs/ppu/lib/libSimpleRSX.a(RSX.o)
                0x0000000000011fd0                ._ZN3RSX4stopEv
 .text._ZN3RSXD2Ev
                0x0000000000012058       0x24 /opt/ps3dev/portlibs/ppu/lib/libSimpleRSX.a(RSX.o)
                0x0000000000012058                ._ZN3RSXD2Ev
                0x0000000000012058                ._ZN3RSXD1Ev
 *fill*         0x000000000001207c        0x4 60000000
 .text._ZN3RSXD0Ev
                0x0000000000012080       0x44 /opt/ps3dev/portlibs/ppu/lib/libSimpleRSX.a(RSX.o)
                0x0000000000012080                ._ZN3RSXD0Ev
 *fill*         0x00000000000120c4        0x4 60000000
 .text._ZN3RSX6errorsEv
                0x00000000000120c8       0x14 /opt/ps3dev/portlibs/ppu/lib/libSimpleRSX.a(RSX.o)
                0x00000000000120c8                ._ZN3RSX6errorsEv
 *fill*         0x00000000000120dc        0x4 60000000
 .text._ZN3RSX13createBuffersEv
                0x00000000000120e0      0x150 /opt/ps3dev/portlibs/ppu/lib/libSimpleRSX.a(RSX.o)
                0x00000000000120e0                ._ZN3RSX13createBuffersEv
 .text._ZN3RSX5widthEv
                0x0000000000012230       0x14 /opt/ps3dev/portlibs/ppu/lib/libSimpleRSX.a(RSX.o)
                0x0000000000012230                ._ZN3RSX5widthEv
 *fill*         0x0000000000012244        0x4 60000000
 .text._ZN3RSX6heightEv
                0x0000000000012248       0x14 /opt/ps3dev/portlibs/ppu/lib/libSimpleRSX.a(RSX.o)
                0x0000000000012248                ._ZN3RSX6heightEv
 *fill*         0x000000000001225c        0x4 60000000
 .text._ZN3RSX10waitFinishEj
                0x0000000000012260       0x88 /opt/ps3dev/portlibs/ppu/lib/libSimpleRSX.a(RSX.o)
                0x0000000000012260                ._ZN3RSX10waitFinishEj
 .text._ZN3RSX8waitIdleEv
                0x00000000000122e8       0x70 /opt/ps3dev/portlibs/ppu/lib/libSimpleRSX.a(RSX.o)
                0x00000000000122e8                ._ZN3RSX8waitIdleEv
 .text._ZN3RSX15initializeVideoEv
                0x0000000000012358      0x1c4 /opt/ps3dev/portlibs/ppu/lib/libSimpleRSX.a(RSX.o)
                0x0000000000012358                ._ZN3RSX15initializeVideoEv
 *fill*         0x000000000001251c        0x4 60000000
 .text._ZN3RSX15setRenderTargetEv
                0x0000000000012520       0xd0 /opt/ps3dev/portlibs/ppu/lib/libSimpleRSX.a(RSX.o)
                0x0000000000012520                ._ZN3RSX15setRenderTargetEv
 .text._ZN3RSX8waitFlipEv
                0x00000000000125f0       0x50 /opt/ps3dev/portlibs/ppu/lib/libSimpleRSX.a(RSX.o)
                0x00000000000125f0                ._ZN3RSX8waitFlipEv
 .text._ZN3RSX4flipEv
                0x0000000000012640       0x94 /opt/ps3dev/portlibs/ppu/lib/libSimpleRSX.a(RSX.o)
                0x0000000000012640                ._ZN3RSX4flipEv
 *fill*         0x00000000000126d4        0x4 60000000
 .text._ZN3RSXC2Ev
                0x00000000000126d8       0x88 /opt/ps3dev/portlibs/ppu/lib/libSimpleRSX.a(RSX.o)
                0x00000000000126d8                ._ZN3RSXC1Ev
                0x00000000000126d8                ._ZN3RSXC2Ev
 .text._ZN3RSX13getGcmCtxDataEv
                0x0000000000012760       0x14 /opt/ps3dev/portlibs/ppu/lib/libSimpleRSX.a(RSX.o)
                0x0000000000012760                ._ZN3RSX13getGcmCtxDataEv
 *fill*         0x0000000000012774        0x4 60000000
 .text._ZN3RSX11getCurrAddrEv
                0x0000000000012778       0x24 /opt/ps3dev/portlibs/ppu/lib/libSimpleRSX.a(RSX.o)
                0x0000000000012778                ._ZN3RSX11getCurrAddrEv
 *fill*         0x000000000001279c        0x4 60000000
 .text._ZN3RSX10getCurrOffEv
                0x00000000000127a0       0x24 /opt/ps3dev/portlibs/ppu/lib/libSimpleRSX.a(RSX.o)
                0x00000000000127a0                ._ZN3RSX10getCurrOffEv
 *fill*         0x00000000000127c4        0x4 60000000
 .text._ZN3RSX5flushEv
                0x00000000000127c8       0x34 /opt/ps3dev/portlibs/ppu/lib/libSimpleRSX.a(RSX.o)
                0x00000000000127c8                ._ZN3RSX5flushEv
 .text          0x00000000000127fc        0x0 /opt/ps3dev/portlibs/ppu/lib/libfreetype.a(ftinit.o)
 .text.FT_Add_Default_Modules
                0x00000000000127fc       0x88 /opt/ps3dev/portlibs/ppu/lib/libfreetype.a(ftinit.o)
                0x00000000000127fc                .FT_Add_Default_Modules
 .text.FT_Init_FreeType
                0x0000000000012884       0xa8 /opt/ps3dev/portlibs/ppu/lib/libfreetype.a(ftinit.o)
                0x0000000000012884                .FT_Init_FreeType
 .text.FT_Done_FreeType
                0x000000000001292c       0x70 /opt/ps3dev/portlibs/ppu/lib/libfreetype.a(ftinit.o)
                0x000000000001292c                .FT_Done_FreeType
 .text          0x000000000001299c        0x0 /opt/ps3dev/portlibs/ppu/lib/libfreetype.a(ftbase.o)
 .text._ft_face_scale_advances
                0x000000000001299c      0x138 /opt/ps3dev/portlibs/ppu/lib/libfreetype.a(ftbase.o)
 .text.FT_Get_Advance
                0x0000000000012ad4      0x198 /opt/ps3dev/portlibs/ppu/lib/libfreetype.a(ftbase.o)
                0x0000000000012ad4                .FT_Get_Advance
 .text.FT_Get_Advances
                0x0000000000012c6c      0x2d8 /opt/ps3dev/portlibs/ppu/lib/libfreetype.a(ftbase.o)
                0x0000000000012c6c                .FT_Get_Advances
 .text.FT_RoundFix
                0x0000000000012f44       0x64 /opt/ps3dev/portlibs/ppu/lib/libfreetype.a(ftbase.o)
                0x0000000000012f44                .FT_RoundFix
 .text.FT_CeilFix
                0x0000000000012fa8       0x64 /opt/ps3dev/portlibs/ppu/lib/libfreetype.a(ftbase.o)
                0x0000000000012fa8                .FT_CeilFix
 .text.FT_FloorFix
                0x000000000001300c       0x54 /opt/ps3dev/portlibs/ppu/lib/libfreetype.a(ftbase.o)
                0x000000000001300c                .FT_FloorFix
 .text.FT_Sqrt32
                0x0000000000013060       0xb4 /opt/ps3dev/portlibs/ppu/lib/libfreetype.a(ftbase.o)
                0x0000000000013060                .FT_Sqrt32
 .text.ft_multo64
                0x0000000000013114      0x150 /opt/ps3dev/portlibs/ppu/lib/libfreetype.a(ftbase.o)
 .text.ft_div64by32
                0x0000000000013264       0xfc /opt/ps3dev/portlibs/ppu/lib/libfreetype.a(ftbase.o)
 .text.FT_Add64
                0x0000000000013360       0xb4 /opt/ps3dev/portlibs/ppu/lib/libfreetype.a(ftbase.o)
 .text.FT_MulDiv
                0x0000000000013414      0x234 /opt/ps3dev/portlibs/ppu/lib/libfreetype.a(ftbase.o)
                0x0000000000013414                .FT_MulDiv
 .text.FT_MulDiv_No_Round
                0x0000000000013648      0x1e0 /opt/ps3dev/portlibs/ppu/lib/libfreetype.a(ftbase.o)
                0x0000000000013648                .FT_MulDiv_No_Round
 .text.FT_MulFix
                0x0000000000013828      0x180 /opt/ps3dev/portlibs/ppu/lib/libfreetype.a(ftbase.o)
                0x0000000000013828                .FT_MulFix
 .text.FT_DivFix
                0x00000000000139a8      0x1a8 /opt/ps3dev/portlibs/ppu/lib/libfreetype.a(ftbase.o)
                0x00000000000139a8                .FT_DivFix
 .text.FT_Matrix_Multiply
                0x0000000000013b50      0x1d4 /opt/ps3dev/portlibs/ppu/lib/libfreetype.a(ftbase.o)
                0x0000000000013b50                .FT_Matrix_Multiply
 .text.FT_Matrix_Invert
                0x0000000000013d24      0x168 /opt/ps3dev/portlibs/ppu/lib/libfreetype.a(ftbase.o)
                0x0000000000013d24                .FT_Matrix_Invert
 .text.FT_Matrix_Multiply_Scaled
                0x0000000000013e8c      0x20c /opt/ps3dev/portlibs/ppu/lib/libfreetype.a(ftbase.o)
                0x0000000000013e8c                .FT_Matrix_Multiply_Scaled
 .text.FT_Vector_Transform_Scaled
                0x0000000000014098      0x144 /opt/ps3dev/portlibs/ppu/lib/libfreetype.a(ftbase.o)
                0x0000000000014098                .FT_Vector_Transform_Scaled
 .text.FT_SqrtFixed
                0x00000000000141dc       0xf4 /opt/ps3dev/portlibs/ppu/lib/libfreetype.a(ftbase.o)
                0x00000000000141dc                .FT_SqrtFixed
 .text.ft_corner_orientation
                0x00000000000142d0      0x220 /opt/ps3dev/portlibs/ppu/lib/libfreetype.a(ftbase.o)
                0x00000000000142d0                .ft_corner_orientation
 .text.ft_corner_is_flat
                0x00000000000144f0      0x1c0 /opt/ps3dev/portlibs/ppu/lib/libfreetype.a(ftbase.o)
                0x00000000000144f0                .ft_corner_is_flat
 .text.FT_GlyphLoader_New
                0x00000000000146b0       0x90 /opt/ps3dev/portlibs/ppu/lib/libfreetype.a(ftbase.o)
                0x00000000000146b0                .FT_GlyphLoader_New
 .text.FT_GlyphLoader_Rewind
                0x0000000000014740       0xac /opt/ps3dev/portlibs/ppu/lib/libfreetype.a(ftbase.o)
                0x0000000000014740                .FT_GlyphLoader_Rewind
 .text.FT_GlyphLoader_Reset
                0x00000000000147ec      0x11c /opt/ps3dev/portlibs/ppu/lib/libfreetype.a(ftbase.o)
                0x00000000000147ec                .FT_GlyphLoader_Reset
 .text.FT_GlyphLoader_Done
                0x0000000000014908       0x6c /opt/ps3dev/portlibs/ppu/lib/libfreetype.a(ftbase.o)
                0x0000000000014908                .FT_GlyphLoader_Done
 .text.FT_GlyphLoader_Adjust_Points
                0x0000000000014974      0x13c /opt/ps3dev/portlibs/ppu/lib/libfreetype.a(ftbase.o)
 .text.FT_GlyphLoader_CreateExtra
                0x0000000000014ab0       0xe8 /opt/ps3dev/portlibs/ppu/lib/libfreetype.a(ftbase.o)
                0x0000000000014ab0                .FT_GlyphLoader_CreateExtra
 .text.FT_GlyphLoader_Adjust_Subglyphs
                0x0000000000014b98       0x84 /opt/ps3dev/portlibs/ppu/lib/libfreetype.a(ftbase.o)
 .text.FT_GlyphLoader_CheckPoints
                0x0000000000014c1c      0x3d4 /opt/ps3dev/portlibs/ppu/lib/libfreetype.a(ftbase.o)
                0x0000000000014c1c                .FT_GlyphLoader_CheckPoints
 .text.FT_GlyphLoader_CheckSubGlyphs
                0x0000000000014ff0      0x158 /opt/ps3dev/portlibs/ppu/lib/libfreetype.a(ftbase.o)
                0x0000000000014ff0                .FT_GlyphLoader_CheckSubGlyphs
 .text.FT_GlyphLoader_Prepare
                0x0000000000015148       0x80 /opt/ps3dev/portlibs/ppu/lib/libfreetype.a(ftbase.o)
                0x0000000000015148                .FT_GlyphLoader_Prepare
 .text.FT_GlyphLoader_Add
                0x00000000000151c8      0x1a8 /opt/ps3dev/portlibs/ppu/lib/libfreetype.a(ftbase.o)
                0x00000000000151c8                .FT_GlyphLoader_Add
 .text.FT_GlyphLoader_CopyPoints
                0x0000000000015370      0x200 /opt/ps3dev/portlibs/ppu/lib/libfreetype.a(ftbase.o)
                0x0000000000015370                .FT_GlyphLoader_CopyPoints
 .text.ft_service_list_lookup
                0x0000000000015570       0xc8 /opt/ps3dev/portlibs/ppu/lib/libfreetype.a(ftbase.o)
                0x0000000000015570                .ft_service_list_lookup
 .text.ft_validator_init
                0x0000000000015638       0x68 /opt/ps3dev/portlibs/ppu/lib/libfreetype.a(ftbase.o)
                0x0000000000015638                .ft_validator_init
 .text.ft_validator_run
                0x00000000000156a0       0x30 /opt/ps3dev/portlibs/ppu/lib/libfreetype.a(ftbase.o)
                0x00000000000156a0                .ft_validator_run
 .text.ft_validator_error
                0x00000000000156d0       0x5c /opt/ps3dev/portlibs/ppu/lib/libfreetype.a(ftbase.o)
                0x00000000000156d0                .ft_validator_error
 .text.FT_Stream_New
                0x000000000001572c      0x1f0 /opt/ps3dev/portlibs/ppu/lib/libfreetype.a(ftbase.o)
                0x000000000001572c                .FT_Stream_New
 .text.FT_Stream_Free
                0x000000000001591c       0x80 /opt/ps3dev/portlibs/ppu/lib/libfreetype.a(ftbase.o)
                0x000000000001591c                .FT_Stream_Free
 .text.ft_glyphslot_init
                0x000000000001599c      0x148 /opt/ps3dev/portlibs/ppu/lib/libfreetype.a(ftbase.o)
 .text.ft_glyphslot_free_bitmap
                0x0000000000015ae4       0xcc /opt/ps3dev/portlibs/ppu/lib/libfreetype.a(ftbase.o)
                0x0000000000015ae4                .ft_glyphslot_free_bitmap
 .text.ft_glyphslot_set_bitmap
                0x0000000000015bb0       0x50 /opt/ps3dev/portlibs/ppu/lib/libfreetype.a(ftbase.o)
                0x0000000000015bb0                .ft_glyphslot_set_bitmap
 .text.ft_glyphslot_alloc_bitmap
                0x0000000000015c00       0xe8 /opt/ps3dev/portlibs/ppu/lib/libfreetype.a(ftbase.o)
                0x0000000000015c00                .ft_glyphslot_alloc_bitmap
 .text.ft_glyphslot_clear
                0x0000000000015ce8      0x138 /opt/ps3dev/portlibs/ppu/lib/libfreetype.a(ftbase.o)
 .text.ft_glyphslot_done
                0x0000000000015e20      0x10c /opt/ps3dev/portlibs/ppu/lib/libfreetype.a(ftbase.o)
 .text.FT_New_GlyphSlot
                0x0000000000015f2c      0x15c /opt/ps3dev/portlibs/ppu/lib/libfreetype.a(ftbase.o)
                0x0000000000015f2c                .FT_New_GlyphSlot
 .text.FT_Done_GlyphSlot
                0x0000000000016088      0x100 /opt/ps3dev/portlibs/ppu/lib/libfreetype.a(ftbase.o)
                0x0000000000016088                .FT_Done_GlyphSlot
 .text.FT_Set_Transform
                0x0000000000016188      0x1c8 /opt/ps3dev/portlibs/ppu/lib/libfreetype.a(ftbase.o)
                0x0000000000016188                .FT_Set_Transform
 .text.ft_glyphslot_grid_fit_metrics
                0x0000000000016350      0x29c /opt/ps3dev/portlibs/ppu/lib/libfreetype.a(ftbase.o)
 .text.FT_Load_Glyph
                0x00000000000165ec      0x784 /opt/ps3dev/portlibs/ppu/lib/libfreetype.a(ftbase.o)
                0x00000000000165ec                .FT_Load_Glyph
 .text.FT_Load_Char
                0x0000000000016d70       0xac /opt/ps3dev/portlibs/ppu/lib/libfreetype.a(ftbase.o)
                0x0000000000016d70                .FT_Load_Char
 .text.destroy_size
                0x0000000000016e1c       0xec /opt/ps3dev/portlibs/ppu/lib/libfreetype.a(ftbase.o)
 .text.destroy_charmaps
                0x0000000000016f08       0xf4 /opt/ps3dev/portlibs/ppu/lib/libfreetype.a(ftbase.o)
 .text.destroy_face
                0x0000000000016ffc      0x1e4 /opt/ps3dev/portlibs/ppu/lib/libfreetype.a(ftbase.o)
 .text.Destroy_Driver
                0x00000000000171e0       0x84 /opt/ps3dev/portlibs/ppu/lib/libfreetype.a(ftbase.o)
 .text.find_unicode_charmap
                0x0000000000017264      0x1e8 /opt/ps3dev/portlibs/ppu/lib/libfreetype.a(ftbase.o)
 .text.find_variant_selector_charmap
                0x000000000001744c      0x124 /opt/ps3dev/portlibs/ppu/lib/libfreetype.a(ftbase.o)
 .text.open_face
                0x0000000000017570      0x2f4 /opt/ps3dev/portlibs/ppu/lib/libfreetype.a(ftbase.o)
 .text.FT_New_Face
                0x0000000000017864       0x90 /opt/ps3dev/portlibs/ppu/lib/libfreetype.a(ftbase.o)
                0x0000000000017864                .FT_New_Face
 .text.FT_New_Memory_Face
                0x00000000000178f4       0x9c /opt/ps3dev/portlibs/ppu/lib/libfreetype.a(ftbase.o)
                0x00000000000178f4                .FT_New_Memory_Face
 .text.memory_stream_close
                0x0000000000017990       0x88 /opt/ps3dev/portlibs/ppu/lib/libfreetype.a(ftbase.o)
 .text.new_memory_stream
                0x0000000000017a18       0xec /opt/ps3dev/portlibs/ppu/lib/libfreetype.a(ftbase.o)
 .text.open_face_from_buffer
                0x0000000000017b04      0x178 /opt/ps3dev/portlibs/ppu/lib/libfreetype.a(ftbase.o)
 .text.ft_lookup_PS_in_sfnt_stream
                0x0000000000017c7c      0x358 /opt/ps3dev/portlibs/ppu/lib/libfreetype.a(ftbase.o)
 .text.open_face_PS_from_sfnt_stream
                0x0000000000017fd4      0x1e4 /opt/ps3dev/portlibs/ppu/lib/libfreetype.a(ftbase.o)
 .text.Mac_Read_POST_Resource
                0x00000000000181b8      0x708 /opt/ps3dev/portlibs/ppu/lib/libfreetype.a(ftbase.o)
 .text.Mac_Read_sfnt_Resource
                0x00000000000188c0      0x270 /opt/ps3dev/portlibs/ppu/lib/libfreetype.a(ftbase.o)
 .text.IsMacResource
                0x0000000000018b30      0x214 /opt/ps3dev/portlibs/ppu/lib/libfreetype.a(ftbase.o)
 .text.IsMacBinary
                0x0000000000018d44      0x1f4 /opt/ps3dev/portlibs/ppu/lib/libfreetype.a(ftbase.o)
 .text.load_face_in_embedded_rfork
                0x0000000000018f38      0x288 /opt/ps3dev/portlibs/ppu/lib/libfreetype.a(ftbase.o)
 .text.load_mac_face
                0x00000000000191c0      0x108 /opt/ps3dev/portlibs/ppu/lib/libfreetype.a(ftbase.o)
 .text.FT_Open_Face
                0x00000000000192c8      0x80c /opt/ps3dev/portlibs/ppu/lib/libfreetype.a(ftbase.o)
                0x00000000000192c8                .FT_Open_Face
 .text.FT_Attach_File
                0x0000000000019ad4       0x80 /opt/ps3dev/portlibs/ppu/lib/libfreetype.a(ftbase.o)
                0x0000000000019ad4                .FT_Attach_File
 .text.FT_Attach_Stream
                0x0000000000019b54      0x160 /opt/ps3dev/portlibs/ppu/lib/libfreetype.a(ftbase.o)
                0x0000000000019b54                .FT_Attach_Stream
 .text.FT_Reference_Face
                0x0000000000019cb4       0x4c /opt/ps3dev/portlibs/ppu/lib/libfreetype.a(ftbase.o)
                0x0000000000019cb4                .FT_Reference_Face
 .text.FT_Done_Face
                0x0000000000019d00      0x124 /opt/ps3dev/portlibs/ppu/lib/libfreetype.a(ftbase.o)
                0x0000000000019d00                .FT_Done_Face
 .text.FT_New_Size
                0x0000000000019e24      0x1ec /opt/ps3dev/portlibs/ppu/lib/libfreetype.a(ftbase.o)
                0x0000000000019e24                .FT_New_Size
 .text.FT_Done_Size
                0x000000000001a010      0x158 /opt/ps3dev/portlibs/ppu/lib/libfreetype.a(ftbase.o)
                0x000000000001a010                .FT_Done_Size
 .text.FT_Match_Size
                0x000000000001a168      0x270 /opt/ps3dev/portlibs/ppu/lib/libfreetype.a(ftbase.o)
                0x000000000001a168                .FT_Match_Size
 .text.ft_synthesize_vertical_metrics
                0x000000000001a3d8      0x130 /opt/ps3dev/portlibs/ppu/lib/libfreetype.a(ftbase.o)
                0x000000000001a3d8                .ft_synthesize_vertical_metrics
 .text.ft_recompute_scaled_metrics
                0x000000000001a508      0x138 /opt/ps3dev/portlibs/ppu/lib/libfreetype.a(ftbase.o)
 .text.FT_Select_Metrics
                0x000000000001a640      0x198 /opt/ps3dev/portlibs/ppu/lib/libfreetype.a(ftbase.o)
                0x000000000001a640                .FT_Select_Metrics
 .text.FT_Request_Metrics
                0x000000000001a7d8      0x508 /opt/ps3dev/portlibs/ppu/lib/libfreetype.a(ftbase.o)
                0x000000000001a7d8                .FT_Request_Metrics
 .text.FT_Select_Size
                0x000000000001ace0      0x114 /opt/ps3dev/portlibs/ppu/lib/libfreetype.a(ftbase.o)
                0x000000000001ace0                .FT_Select_Size
 .text.FT_Request_Size
                0x000000000001adf4      0x184 /opt/ps3dev/portlibs/ppu/lib/libfreetype.a(ftbase.o)
                0x000000000001adf4                .FT_Request_Size
 .text.FT_Set_Char_Size
                0x000000000001af78      0x12c /opt/ps3dev/portlibs/ppu/lib/libfreetype.a(ftbase.o)
                0x000000000001af78                .FT_Set_Char_Size
 .text.FT_Set_Pixel_Sizes
                0x000000000001b0a4      0x13c /opt/ps3dev/portlibs/ppu/lib/libfreetype.a(ftbase.o)
                0x000000000001b0a4                .FT_Set_Pixel_Sizes
 .text.FT_Get_Kerning
                0x000000000001b1e0      0x27c /opt/ps3dev/portlibs/ppu/lib/libfreetype.a(ftbase.o)
                0x000000000001b1e0                .FT_Get_Kerning
 .text.FT_Get_Track_Kerning
                0x000000000001b45c      0x140 /opt/ps3dev/portlibs/ppu/lib/libfreetype.a(ftbase.o)
                0x000000000001b45c                .FT_Get_Track_Kerning
 .text.FT_Select_Charmap
                0x000000000001b59c      0x150 /opt/ps3dev/portlibs/ppu/lib/libfreetype.a(ftbase.o)
                0x000000000001b59c                .FT_Select_Charmap
 .text.FT_Set_Charmap
                0x000000000001b6ec      0x128 /opt/ps3dev/portlibs/ppu/lib/libfreetype.a(ftbase.o)
                0x000000000001b6ec                .FT_Set_Charmap
 .text.FT_Get_Charmap_Index
                0x000000000001b814       0xdc /opt/ps3dev/portlibs/ppu/lib/libfreetype.a(ftbase.o)
                0x000000000001b814                .FT_Get_Charmap_Index
 .text.ft_cmap_done_internal
                0x000000000001b8f0       0xa8 /opt/ps3dev/portlibs/ppu/lib/libfreetype.a(ftbase.o)
 .text.FT_CMap_Done
                0x000000000001b998      0x24c /opt/ps3dev/portlibs/ppu/lib/libfreetype.a(ftbase.o)
                0x000000000001b998                .FT_CMap_Done
 .text.FT_CMap_New
                0x000000000001bbe4      0x230 /opt/ps3dev/portlibs/ppu/lib/libfreetype.a(ftbase.o)
                0x000000000001bbe4                .FT_CMap_New
 .text.FT_Get_Char_Index
                0x000000000001be14       0xb8 /opt/ps3dev/portlibs/ppu/lib/libfreetype.a(ftbase.o)
                0x000000000001be14                .FT_Get_Char_Index
 .text.FT_Get_First_Char
                0x000000000001becc       0xf4 /opt/ps3dev/portlibs/ppu/lib/libfreetype.a(ftbase.o)
                0x000000000001becc                .FT_Get_First_Char
 .text.FT_Get_Next_Char
                0x000000000001bfc0      0x128 /opt/ps3dev/portlibs/ppu/lib/libfreetype.a(ftbase.o)
                0x000000000001bfc0                .FT_Get_Next_Char
 .text.FT_Face_GetCharVariantIndex
                0x000000000001c0e8      0x10c /opt/ps3dev/portlibs/ppu/lib/libfreetype.a(ftbase.o)
                0x000000000001c0e8                .FT_Face_GetCharVariantIndex
 .text.FT_Face_GetCharVariantIsDefault
                0x000000000001c1f4       0xcc /opt/ps3dev/portlibs/ppu/lib/libfreetype.a(ftbase.o)
                0x000000000001c1f4                .FT_Face_GetCharVariantIsDefault
 .text.FT_Face_GetVariantSelectors
                0x000000000001c2c0       0xb4 /opt/ps3dev/portlibs/ppu/lib/libfreetype.a(ftbase.o)
                0x000000000001c2c0                .FT_Face_GetVariantSelectors
 .text.FT_Face_GetVariantsOfChar
                0x000000000001c374       0xc4 /opt/ps3dev/portlibs/ppu/lib/libfreetype.a(ftbase.o)
                0x000000000001c374                .FT_Face_GetVariantsOfChar
 .text.FT_Face_GetCharsOfVariant
                0x000000000001c438       0xc4 /opt/ps3dev/portlibs/ppu/lib/libfreetype.a(ftbase.o)
                0x000000000001c438                .FT_Face_GetCharsOfVariant
 .text.FT_Get_Name_Index
                0x000000000001c4fc      0x188 /opt/ps3dev/portlibs/ppu/lib/libfreetype.a(ftbase.o)
                0x000000000001c4fc                .FT_Get_Name_Index
 .text.FT_Get_Glyph_Name
                0x000000000001c684      0x1ec /opt/ps3dev/portlibs/ppu/lib/libfreetype.a(ftbase.o)
                0x000000000001c684                .FT_Get_Glyph_Name
 .text.FT_Get_Postscript_Name
                0x000000000001c870      0x178 /opt/ps3dev/portlibs/ppu/lib/libfreetype.a(ftbase.o)
                0x000000000001c870                .FT_Get_Postscript_Name
 .text.FT_Get_Sfnt_Table
                0x000000000001c9e8      0x118 /opt/ps3dev/portlibs/ppu/lib/libfreetype.a(ftbase.o)
                0x000000000001c9e8                .FT_Get_Sfnt_Table
 .text.FT_Load_Sfnt_Table
                0x000000000001cb00      0x128 /opt/ps3dev/portlibs/ppu/lib/libfreetype.a(ftbase.o)
                0x000000000001cb00                .FT_Load_Sfnt_Table
 .text.FT_Sfnt_Table_Info
                0x000000000001cc28      0x134 /opt/ps3dev/portlibs/ppu/lib/libfreetype.a(ftbase.o)
                0x000000000001cc28                .FT_Sfnt_Table_Info
 .text.FT_Get_CMap_Language_ID
                0x000000000001cd5c      0x12c /opt/ps3dev/portlibs/ppu/lib/libfreetype.a(ftbase.o)
                0x000000000001cd5c                .FT_Get_CMap_Language_ID
 .text.FT_Get_CMap_Format
                0x000000000001ce88      0x12c /opt/ps3dev/portlibs/ppu/lib/libfreetype.a(ftbase.o)
                0x000000000001ce88                .FT_Get_CMap_Format
 .text.FT_Activate_Size
                0x000000000001cfb4       0x80 /opt/ps3dev/portlibs/ppu/lib/libfreetype.a(ftbase.o)
                0x000000000001cfb4                .FT_Activate_Size
 .text.FT_Lookup_Renderer
                0x000000000001d034      0x100 /opt/ps3dev/portlibs/ppu/lib/libfreetype.a(ftbase.o)
                0x000000000001d034                .FT_Lookup_Renderer
 .text.ft_lookup_glyph_renderer
                0x000000000001d134       0xb4 /opt/ps3dev/portlibs/ppu/lib/libfreetype.a(ftbase.o)
 .text.ft_set_current_renderer
                0x000000000001d1e8       0x5c /opt/ps3dev/portlibs/ppu/lib/libfreetype.a(ftbase.o)
 .text.ft_add_renderer
                0x000000000001d244      0x1c0 /opt/ps3dev/portlibs/ppu/lib/libfreetype.a(ftbase.o)
 .text.ft_remove_renderer
                0x000000000001d404      0x114 /opt/ps3dev/portlibs/ppu/lib/libfreetype.a(ftbase.o)
 .text.FT_Get_Renderer
                0x000000000001d518       0x60 /opt/ps3dev/portlibs/ppu/lib/libfreetype.a(ftbase.o)
                0x000000000001d518                .FT_Get_Renderer
 .text.FT_Set_Renderer
                0x000000000001d578      0x180 /opt/ps3dev/portlibs/ppu/lib/libfreetype.a(ftbase.o)
                0x000000000001d578                .FT_Set_Renderer
 .text.FT_Render_Glyph_Internal
                0x000000000001d6f8      0x1cc /opt/ps3dev/portlibs/ppu/lib/libfreetype.a(ftbase.o)
                0x000000000001d6f8                .FT_Render_Glyph_Internal
 .text.FT_Render_Glyph
                0x000000000001d8c4       0x98 /opt/ps3dev/portlibs/ppu/lib/libfreetype.a(ftbase.o)
                0x000000000001d8c4                .FT_Render_Glyph
 .text.Destroy_Module
                0x000000000001d95c      0x14c /opt/ps3dev/portlibs/ppu/lib/libfreetype.a(ftbase.o)
 .text.FT_Add_Module
                0x000000000001daa8      0x430 /opt/ps3dev/portlibs/ppu/lib/libfreetype.a(ftbase.o)
                0x000000000001daa8                .FT_Add_Module
 .text.FT_Get_Module
                0x000000000001ded8      0x108 /opt/ps3dev/portlibs/ppu/lib/libfreetype.a(ftbase.o)
                0x000000000001ded8                .FT_Get_Module
 .text.FT_Get_Module_Interface
                0x000000000001dfe0       0x70 /opt/ps3dev/portlibs/ppu/lib/libfreetype.a(ftbase.o)
                0x000000000001dfe0                .FT_Get_Module_Interface
 .text.ft_module_get_service
                0x000000000001e050      0x198 /opt/ps3dev/portlibs/ppu/lib/libfreetype.a(ftbase.o)
                0x000000000001e050                .ft_module_get_service
 .text.FT_Remove_Module
                0x000000000001e1e8      0x15c /opt/ps3dev/portlibs/ppu/lib/libfreetype.a(ftbase.o)
                0x000000000001e1e8                .FT_Remove_Module
 .text.FT_Reference_Library
                0x000000000001e344       0x4c /opt/ps3dev/portlibs/ppu/lib/libfreetype.a(ftbase.o)
                0x000000000001e344                .FT_Reference_Library
 .text.FT_New_Library
                0x000000000001e390      0x140 /opt/ps3dev/portlibs/ppu/lib/libfreetype.a(ftbase.o)
                0x000000000001e390                .FT_New_Library
 .text.FT_Library_Version
                0x000000000001e4d0       0xc4 /opt/ps3dev/portlibs/ppu/lib/libfreetype.a(ftbase.o)
                0x000000000001e4d0                .FT_Library_Version
 .text.FT_Done_Library
                0x000000000001e594      0x2b8 /opt/ps3dev/portlibs/ppu/lib/libfreetype.a(ftbase.o)
                0x000000000001e594                .FT_Done_Library
 .text.FT_Set_Debug_Hook
                0x000000000001e84c       0x7c /opt/ps3dev/portlibs/ppu/lib/libfreetype.a(ftbase.o)
                0x000000000001e84c                .FT_Set_Debug_Hook
 .text.FT_Get_TrueType_Engine_Type
                0x000000000001e8c8       0x9c /opt/ps3dev/portlibs/ppu/lib/libfreetype.a(ftbase.o)
                0x000000000001e8c8                .FT_Get_TrueType_Engine_Type
 .text.ft_stub_set_char_sizes
                0x000000000001e964      0x124 /opt/ps3dev/portlibs/ppu/lib/libfreetype.a(ftbase.o)
                0x000000000001e964                .ft_stub_set_char_sizes
 .text.ft_stub_set_pixel_sizes
                0x000000000001ea88       0xf8 /opt/ps3dev/portlibs/ppu/lib/libfreetype.a(ftbase.o)
                0x000000000001ea88                .ft_stub_set_pixel_sizes
 .text.FT_Get_SubGlyph_Info
                0x000000000001eb80      0x150 /opt/ps3dev/portlibs/ppu/lib/libfreetype.a(ftbase.o)
                0x000000000001eb80                .FT_Get_SubGlyph_Info
 .text.FT_Outline_Decompose
                0x000000000001ecd0      0x934 /opt/ps3dev/portlibs/ppu/lib/libfreetype.a(ftbase.o)
                0x000000000001ecd0                .FT_Outline_Decompose
 .text.FT_Outline_New_Internal
                0x000000000001f604      0x1e8 /opt/ps3dev/portlibs/ppu/lib/libfreetype.a(ftbase.o)
                0x000000000001f604                .FT_Outline_New_Internal
 .text.FT_Outline_New
                0x000000000001f7ec       0x94 /opt/ps3dev/portlibs/ppu/lib/libfreetype.a(ftbase.o)
                0x000000000001f7ec                .FT_Outline_New
 .text.FT_Outline_Check
                0x000000000001f880      0x13c /opt/ps3dev/portlibs/ppu/lib/libfreetype.a(ftbase.o)
                0x000000000001f880                .FT_Outline_Check
 .text.FT_Outline_Copy
                0x000000000001f9bc      0x1b8 /opt/ps3dev/portlibs/ppu/lib/libfreetype.a(ftbase.o)
                0x000000000001f9bc                .FT_Outline_Copy
 .text.FT_Outline_Done_Internal
                0x000000000001fb74      0x10c /opt/ps3dev/portlibs/ppu/lib/libfreetype.a(ftbase.o)
                0x000000000001fb74                .FT_Outline_Done_Internal
 .text.FT_Outline_Done
                0x000000000001fc80       0x6c /opt/ps3dev/portlibs/ppu/lib/libfreetype.a(ftbase.o)
                0x000000000001fc80                .FT_Outline_Done
 .text.FT_Outline_Get_CBox
                0x000000000001fcec      0x1b8 /opt/ps3dev/portlibs/ppu/lib/libfreetype.a(ftbase.o)
                0x000000000001fcec                .FT_Outline_Get_CBox
 .text.FT_Outline_Translate
                0x000000000001fea4       0xdc /opt/ps3dev/portlibs/ppu/lib/libfreetype.a(ftbase.o)
                0x000000000001fea4                .FT_Outline_Translate
 .text.FT_Outline_Reverse
                0x000000000001ff80      0x23c /opt/ps3dev/portlibs/ppu/lib/libfreetype.a(ftbase.o)
                0x000000000001ff80                .FT_Outline_Reverse
 .text.FT_Outline_Render
                0x00000000000201bc      0x180 /opt/ps3dev/portlibs/ppu/lib/libfreetype.a(ftbase.o)
                0x00000000000201bc                .FT_Outline_Render
 .text.FT_Outline_Get_Bitmap
                0x000000000002033c       0xd0 /opt/ps3dev/portlibs/ppu/lib/libfreetype.a(ftbase.o)
                0x000000000002033c                .FT_Outline_Get_Bitmap
 .text.FT_Vector_Transform
                0x000000000002040c      0x11c /opt/ps3dev/portlibs/ppu/lib/libfreetype.a(ftbase.o)
                0x000000000002040c                .FT_Vector_Transform
 .text.FT_Outline_Transform
                0x0000000000020528       0xc0 /opt/ps3dev/portlibs/ppu/lib/libfreetype.a(ftbase.o)
                0x0000000000020528                .FT_Outline_Transform
 .text.FT_Outline_Embolden
                0x00000000000205e8      0x408 /opt/ps3dev/portlibs/ppu/lib/libfreetype.a(ftbase.o)
                0x00000000000205e8                .FT_Outline_Embolden
 .text.FT_Outline_Get_Orientation
                0x00000000000209f0      0x730 /opt/ps3dev/portlibs/ppu/lib/libfreetype.a(ftbase.o)
                0x00000000000209f0                .FT_Outline_Get_Orientation
 .text.FT_Raccess_Get_HeaderInfo
                0x0000000000021120      0x450 /opt/ps3dev/portlibs/ppu/lib/libfreetype.a(ftbase.o)
                0x0000000000021120                .FT_Raccess_Get_HeaderInfo
 .text.ft_raccess_sort_ref_by_id
                0x0000000000021570       0x84 /opt/ps3dev/portlibs/ppu/lib/libfreetype.a(ftbase.o)
 .text.FT_Raccess_Get_DataOffsets
                0x00000000000215f4      0x488 /opt/ps3dev/portlibs/ppu/lib/libfreetype.a(ftbase.o)
                0x00000000000215f4                .FT_Raccess_Get_DataOffsets
 .text.FT_Raccess_Guess
                0x0000000000021a7c      0x1b0 /opt/ps3dev/portlibs/ppu/lib/libfreetype.a(ftbase.o)
                0x0000000000021a7c                .FT_Raccess_Guess
 .text.raccess_guess_apple_double
                0x0000000000021c2c       0x9c /opt/ps3dev/portlibs/ppu/lib/libfreetype.a(ftbase.o)
 .text.raccess_guess_apple_single
                0x0000000000021cc8       0x9c /opt/ps3dev/portlibs/ppu/lib/libfreetype.a(ftbase.o)
 .text.raccess_guess_darwin_ufs_export
                0x0000000000021d64       0xd0 /opt/ps3dev/portlibs/ppu/lib/libfreetype.a(ftbase.o)
 .text.raccess_guess_darwin_hfsplus
                0x0000000000021e34      0x120 /opt/ps3dev/portlibs/ppu/lib/libfreetype.a(ftbase.o)
 .text.raccess_guess_darwin_newvfs
                0x0000000000021f54      0x120 /opt/ps3dev/portlibs/ppu/lib/libfreetype.a(ftbase.o)
 .text.raccess_guess_vfat
                0x0000000000022074       0x9c /opt/ps3dev/portlibs/ppu/lib/libfreetype.a(ftbase.o)
 .text.raccess_guess_linux_cap
                0x0000000000022110       0x9c /opt/ps3dev/portlibs/ppu/lib/libfreetype.a(ftbase.o)
 .text.raccess_guess_linux_double
                0x00000000000221ac       0xd0 /opt/ps3dev/portlibs/ppu/lib/libfreetype.a(ftbase.o)
 .text.raccess_guess_linux_netatalk
                0x000000000002227c       0xd0 /opt/ps3dev/portlibs/ppu/lib/libfreetype.a(ftbase.o)
 .text.raccess_guess_apple_generic
                0x000000000002234c      0x280 /opt/ps3dev/portlibs/ppu/lib/libfreetype.a(ftbase.o)
 .text.raccess_guess_linux_double_from_file_name
                0x00000000000225cc       0xd4 /opt/ps3dev/portlibs/ppu/lib/libfreetype.a(ftbase.o)
 .text.raccess_make_file_name
                0x00000000000226a0      0x188 /opt/ps3dev/portlibs/ppu/lib/libfreetype.a(ftbase.o)
 .text.FT_Get_Sfnt_Name_Count
                0x0000000000022828       0x60 /opt/ps3dev/portlibs/ppu/lib/libfreetype.a(ftbase.o)
                0x0000000000022828                .FT_Get_Sfnt_Name_Count
 .text.FT_Get_Sfnt_Name
                0x0000000000022888      0x268 /opt/ps3dev/portlibs/ppu/lib/libfreetype.a(ftbase.o)
                0x0000000000022888                .FT_Get_Sfnt_Name
 .text.FT_Stream_OpenMemory
                0x0000000000022af0       0x78 /opt/ps3dev/portlibs/ppu/lib/libfreetype.a(ftbase.o)
                0x0000000000022af0                .FT_Stream_OpenMemory
 .text.FT_Stream_Close
                0x0000000000022b68       0x7c /opt/ps3dev/portlibs/ppu/lib/libfreetype.a(ftbase.o)
                0x0000000000022b68                .FT_Stream_Close
 .text.FT_Stream_Seek
                0x0000000000022be4       0xe0 /opt/ps3dev/portlibs/ppu/lib/libfreetype.a(ftbase.o)
                0x0000000000022be4                .FT_Stream_Seek
 .text.FT_Stream_Skip
                0x0000000000022cc4       0x74 /opt/ps3dev/portlibs/ppu/lib/libfreetype.a(ftbase.o)
                0x0000000000022cc4                .FT_Stream_Skip
 .text.FT_Stream_Pos
                0x0000000000022d38       0x34 /opt/ps3dev/portlibs/ppu/lib/libfreetype.a(ftbase.o)
                0x0000000000022d38                .FT_Stream_Pos
 .text.FT_Stream_Read
                0x0000000000022d6c       0x64 /opt/ps3dev/portlibs/ppu/lib/libfreetype.a(ftbase.o)
                0x0000000000022d6c                .FT_Stream_Read
 .text.FT_Stream_ReadAt
                0x0000000000022dd0      0x14c /opt/ps3dev/portlibs/ppu/lib/libfreetype.a(ftbase.o)
                0x0000000000022dd0                .FT_Stream_ReadAt
 .text.FT_Stream_TryRead
                0x0000000000022f1c      0x144 /opt/ps3dev/portlibs/ppu/lib/libfreetype.a(ftbase.o)
                0x0000000000022f1c                .FT_Stream_TryRead
 .text.FT_Stream_ExtractFrame
                0x0000000000023060       0x94 /opt/ps3dev/portlibs/ppu/lib/libfreetype.a(ftbase.o)
                0x0000000000023060                .FT_Stream_ExtractFrame
 .text.FT_Stream_ReleaseFrame
                0x00000000000230f4       0x90 /opt/ps3dev/portlibs/ppu/lib/libfreetype.a(ftbase.o)
                0x00000000000230f4                .FT_Stream_ReleaseFrame
 .text.FT_Stream_EnterFrame
                0x0000000000023184      0x248 /opt/ps3dev/portlibs/ppu/lib/libfreetype.a(ftbase.o)
                0x0000000000023184                .FT_Stream_EnterFrame
 .text.FT_Stream_ExitFrame
                0x00000000000233cc       0x8c /opt/ps3dev/portlibs/ppu/lib/libfreetype.a(ftbase.o)
                0x00000000000233cc                .FT_Stream_ExitFrame
 .text.FT_Stream_GetChar
                0x0000000000023458       0x7c /opt/ps3dev/portlibs/ppu/lib/libfreetype.a(ftbase.o)
                0x0000000000023458                .FT_Stream_GetChar
 .text.FT_Stream_GetShort
                0x00000000000234d4       0xb8 /opt/ps3dev/portlibs/ppu/lib/libfreetype.a(ftbase.o)
                0x00000000000234d4                .FT_Stream_GetShort
 .text.FT_Stream_GetShortLE
                0x000000000002358c       0xb8 /opt/ps3dev/portlibs/ppu/lib/libfreetype.a(ftbase.o)
                0x000000000002358c                .FT_Stream_GetShortLE
 .text.FT_Stream_GetOffset
                0x0000000000023644       0xe0 /opt/ps3dev/portlibs/ppu/lib/libfreetype.a(ftbase.o)
                0x0000000000023644                .FT_Stream_GetOffset
 .text.FT_Stream_GetLong
                0x0000000000023724      0x104 /opt/ps3dev/portlibs/ppu/lib/libfreetype.a(ftbase.o)
                0x0000000000023724                .FT_Stream_GetLong
 .text.FT_Stream_GetLongLE
                0x0000000000023828      0x104 /opt/ps3dev/portlibs/ppu/lib/libfreetype.a(ftbase.o)
                0x0000000000023828                .FT_Stream_GetLongLE
 .text.FT_Stream_ReadChar
                0x000000000002392c      0x12c /opt/ps3dev/portlibs/ppu/lib/libfreetype.a(ftbase.o)
                0x000000000002392c                .FT_Stream_ReadChar
 .text.FT_Stream_ReadShort
                0x0000000000023a58      0x1a4 /opt/ps3dev/portlibs/ppu/lib/libfreetype.a(ftbase.o)
                0x0000000000023a58                .FT_Stream_ReadShort
 .text.FT_Stream_ReadShortLE
                0x0000000000023bfc      0x1a4 /opt/ps3dev/portlibs/ppu/lib/libfreetype.a(ftbase.o)
                0x0000000000023bfc                .FT_Stream_ReadShortLE
 .text.FT_Stream_ReadOffset
                0x0000000000023da0      0x1cc /opt/ps3dev/portlibs/ppu/lib/libfreetype.a(ftbase.o)
                0x0000000000023da0                .FT_Stream_ReadOffset
 .text.FT_Stream_ReadLong
                0x0000000000023f6c      0x1f0 /opt/ps3dev/portlibs/ppu/lib/libfreetype.a(ftbase.o)
                0x0000000000023f6c                .FT_Stream_ReadLong
 .text.FT_Stream_ReadLongLE
                0x000000000002415c      0x1f0 /opt/ps3dev/portlibs/ppu/lib/libfreetype.a(ftbase.o)
                0x000000000002415c                .FT_Stream_ReadLongLE
 .text.FT_Stream_ReadFields
                0x000000000002434c      0x69c /opt/ps3dev/portlibs/ppu/lib/libfreetype.a(ftbase.o)
                0x000000000002434c                .FT_Stream_ReadFields
 .text.ft_trig_downscale
                0x00000000000249e8      0x160 /opt/ps3dev/portlibs/ppu/lib/libfreetype.a(ftbase.o)
 .text.ft_trig_prenorm
                0x0000000000024b48      0x20c /opt/ps3dev/portlibs/ppu/lib/libfreetype.a(ftbase.o)
 .text.ft_trig_pseudo_rotate
                0x0000000000024d54      0x318 /opt/ps3dev/portlibs/ppu/lib/libfreetype.a(ftbase.o)
 .text.ft_trig_pseudo_polarize
                0x000000000002506c      0x330 /opt/ps3dev/portlibs/ppu/lib/libfreetype.a(ftbase.o)
 .text.FT_Cos   0x000000000002539c       0x6c /opt/ps3dev/portlibs/ppu/lib/libfreetype.a(ftbase.o)
                0x000000000002539c                .FT_Cos
 .text.FT_Sin   0x0000000000025408       0x54 /opt/ps3dev/portlibs/ppu/lib/libfreetype.a(ftbase.o)
                0x0000000000025408                .FT_Sin
 .text.FT_Tan   0x000000000002545c       0x78 /opt/ps3dev/portlibs/ppu/lib/libfreetype.a(ftbase.o)
                0x000000000002545c                .FT_Tan
 .text.FT_Atan2
                0x00000000000254d4       0x8c /opt/ps3dev/portlibs/ppu/lib/libfreetype.a(ftbase.o)
                0x00000000000254d4                .FT_Atan2
 .text.FT_Vector_Unit
                0x0000000000025560       0x9c /opt/ps3dev/portlibs/ppu/lib/libfreetype.a(ftbase.o)
                0x0000000000025560                .FT_Vector_Unit
 .text.FT_Vector_Rotate
                0x00000000000255fc      0x1a0 /opt/ps3dev/portlibs/ppu/lib/libfreetype.a(ftbase.o)
                0x00000000000255fc                .FT_Vector_Rotate
 .text.FT_Vector_Length
                0x000000000002579c      0x118 /opt/ps3dev/portlibs/ppu/lib/libfreetype.a(ftbase.o)
                0x000000000002579c                .FT_Vector_Length
 .text.FT_Vector_Polarize
                0x00000000000258b4       0xec /opt/ps3dev/portlibs/ppu/lib/libfreetype.a(ftbase.o)
                0x00000000000258b4                .FT_Vector_Polarize
 .text.FT_Vector_From_Polar
                0x00000000000259a0       0x64 /opt/ps3dev/portlibs/ppu/lib/libfreetype.a(ftbase.o)
                0x00000000000259a0                .FT_Vector_From_Polar
 .text.FT_Angle_Diff
                0x0000000000025a04       0xd4 /opt/ps3dev/portlibs/ppu/lib/libfreetype.a(ftbase.o)
                0x0000000000025a04                .FT_Angle_Diff
 .text.ft_mem_alloc
                0x0000000000025ad8       0xa4 /opt/ps3dev/portlibs/ppu/lib/libfreetype.a(ftbase.o)
                0x0000000000025ad8                .ft_mem_alloc
 .text.ft_mem_qalloc
                0x0000000000025b7c       0xcc /opt/ps3dev/portlibs/ppu/lib/libfreetype.a(ftbase.o)
                0x0000000000025b7c                .ft_mem_qalloc
 .text.ft_mem_realloc
                0x0000000000025c48       0xec /opt/ps3dev/portlibs/ppu/lib/libfreetype.a(ftbase.o)
                0x0000000000025c48                .ft_mem_realloc
 .text.ft_mem_qrealloc
                0x0000000000025d34      0x1b0 /opt/ps3dev/portlibs/ppu/lib/libfreetype.a(ftbase.o)
                0x0000000000025d34                .ft_mem_qrealloc
 .text.ft_mem_free
                0x0000000000025ee4       0x74 /opt/ps3dev/portlibs/ppu/lib/libfreetype.a(ftbase.o)
                0x0000000000025ee4                .ft_mem_free
 .text.ft_mem_dup
                0x0000000000025f58       0xa8 /opt/ps3dev/portlibs/ppu/lib/libfreetype.a(ftbase.o)
                0x0000000000025f58                .ft_mem_dup
 .text.ft_mem_strdup
                0x0000000000026000       0x88 /opt/ps3dev/portlibs/ppu/lib/libfreetype.a(ftbase.o)
                0x0000000000026000                .ft_mem_strdup
 .text.ft_mem_strcpyn
                0x0000000000026088       0xd0 /opt/ps3dev/portlibs/ppu/lib/libfreetype.a(ftbase.o)
                0x0000000000026088                .ft_mem_strcpyn
 .text.FT_List_Find
                0x0000000000026158       0x78 /opt/ps3dev/portlibs/ppu/lib/libfreetype.a(ftbase.o)
                0x0000000000026158                .FT_List_Find
 .text.FT_List_Add
                0x00000000000261d0       0x84 /opt/ps3dev/portlibs/ppu/lib/libfreetype.a(ftbase.o)
                0x00000000000261d0                .FT_List_Add
 .text.FT_List_Insert
                0x0000000000026254       0x84 /opt/ps3dev/portlibs/ppu/lib/libfreetype.a(ftbase.o)
                0x0000000000026254                .FT_List_Insert
 .text.FT_List_Remove
                0x00000000000262d8       0x94 /opt/ps3dev/portlibs/ppu/lib/libfreetype.a(ftbase.o)
                0x00000000000262d8                .FT_List_Remove
 .text.FT_List_Up
                0x000000000002636c       0xc4 /opt/ps3dev/portlibs/ppu/lib/libfreetype.a(ftbase.o)
                0x000000000002636c                .FT_List_Up
 .text.FT_List_Iterate
                0x0000000000026430       0xc8 /opt/ps3dev/portlibs/ppu/lib/libfreetype.a(ftbase.o)
                0x0000000000026430                .FT_List_Iterate
 .text.FT_List_Finalize
                0x00000000000264f8       0xe4 /opt/ps3dev/portlibs/ppu/lib/libfreetype.a(ftbase.o)
                0x00000000000264f8                .FT_List_Finalize
 .text.ft_highpow2
                0x00000000000265dc       0x6c /opt/ps3dev/portlibs/ppu/lib/libfreetype.a(ftbase.o)
                0x00000000000265dc                .ft_highpow2
 .text.FT_Alloc
                0x0000000000026648       0x70 /opt/ps3dev/portlibs/ppu/lib/libfreetype.a(ftbase.o)
                0x0000000000026648                .FT_Alloc
 .text.FT_QAlloc
                0x00000000000266b8       0x70 /opt/ps3dev/portlibs/ppu/lib/libfreetype.a(ftbase.o)
                0x00000000000266b8                .FT_QAlloc
 .text.FT_Realloc
                0x0000000000026728       0x88 /opt/ps3dev/portlibs/ppu/lib/libfreetype.a(ftbase.o)
                0x0000000000026728                .FT_Realloc
 .text.FT_QRealloc
                0x00000000000267b0       0x88 /opt/ps3dev/portlibs/ppu/lib/libfreetype.a(ftbase.o)
                0x00000000000267b0                .FT_QRealloc
 .text.FT_Free  0x0000000000026838       0x6c /opt/ps3dev/portlibs/ppu/lib/libfreetype.a(ftbase.o)
                0x0000000000026838                .FT_Free
 .text          0x00000000000268a4        0x0 /opt/ps3dev/portlibs/ppu/lib/libfreetype.a(truetype.o)
 .text.tt_get_kerning
                0x00000000000268a4       0xe0 /opt/ps3dev/portlibs/ppu/lib/libfreetype.a(truetype.o)
 .text.tt_get_advances
                0x0000000000026984      0x1ac /opt/ps3dev/portlibs/ppu/lib/libfreetype.a(truetype.o)
 .text.tt_size_select
                0x0000000000026b30      0x120 /opt/ps3dev/portlibs/ppu/lib/libfreetype.a(truetype.o)
 .text.tt_size_request
                0x0000000000026c50      0x13c /opt/ps3dev/portlibs/ppu/lib/libfreetype.a(truetype.o)
 .text.Load_Glyph
                0x0000000000026d8c      0x1b0 /opt/ps3dev/portlibs/ppu/lib/libfreetype.a(truetype.o)
 .text.tt_get_interface
                0x0000000000026f3c       0xf8 /opt/ps3dev/portlibs/ppu/lib/libfreetype.a(truetype.o)
 .text.tt_face_load_loca
                0x0000000000027034      0x314 /opt/ps3dev/portlibs/ppu/lib/libfreetype.a(truetype.o)
 .text.tt_face_get_location
                0x0000000000027348      0x3ec /opt/ps3dev/portlibs/ppu/lib/libfreetype.a(truetype.o)
 .text.tt_face_done_loca
                0x0000000000027734       0x68 /opt/ps3dev/portlibs/ppu/lib/libfreetype.a(truetype.o)
 .text.tt_face_load_cvt
                0x000000000002779c      0x21c /opt/ps3dev/portlibs/ppu/lib/libfreetype.a(truetype.o)
 .text.tt_face_load_fpgm
                0x00000000000279b8       0xf0 /opt/ps3dev/portlibs/ppu/lib/libfreetype.a(truetype.o)
 .text.tt_face_load_prep
                0x0000000000027aa8       0xf0 /opt/ps3dev/portlibs/ppu/lib/libfreetype.a(truetype.o)
 .text.tt_face_load_hdmx
                0x0000000000027b98      0x3e0 /opt/ps3dev/portlibs/ppu/lib/libfreetype.a(truetype.o)
 .text.tt_face_free_hdmx
                0x0000000000027f78       0x8c /opt/ps3dev/portlibs/ppu/lib/libfreetype.a(truetype.o)
 .text.tt_face_get_device_metrics
                0x0000000000028004      0x120 /opt/ps3dev/portlibs/ppu/lib/libfreetype.a(truetype.o)
 .text.TT_Get_HMetrics
                0x0000000000028124       0xc8 /opt/ps3dev/portlibs/ppu/lib/libfreetype.a(truetype.o)
 .text.TT_Get_VMetrics
                0x00000000000281ec       0xcc /opt/ps3dev/portlibs/ppu/lib/libfreetype.a(truetype.o)
 .text.tt_get_metrics
                0x00000000000282b8      0x180 /opt/ps3dev/portlibs/ppu/lib/libfreetype.a(truetype.o)
 .text.tt_get_metrics_incr_overrides
                0x0000000000028438      0x1e4 /opt/ps3dev/portlibs/ppu/lib/libfreetype.a(truetype.o)
 .text.translate_array
                0x000000000002861c      0x120 /opt/ps3dev/portlibs/ppu/lib/libfreetype.a(truetype.o)
 .text.TT_Access_Glyph_Frame
                0x000000000002873c       0xdc /opt/ps3dev/portlibs/ppu/lib/libfreetype.a(truetype.o)
 .text.TT_Forget_Glyph_Frame
                0x0000000000028818       0x50 /opt/ps3dev/portlibs/ppu/lib/libfreetype.a(truetype.o)
 .text.TT_Load_Glyph_Header
                0x0000000000028868      0x234 /opt/ps3dev/portlibs/ppu/lib/libfreetype.a(truetype.o)
 .text.TT_Load_Simple_Glyph
                0x0000000000028a9c      0xb14 /opt/ps3dev/portlibs/ppu/lib/libfreetype.a(truetype.o)
 .text.TT_Load_Composite_Glyph
                0x00000000000295b0      0x7b8 /opt/ps3dev/portlibs/ppu/lib/libfreetype.a(truetype.o)
 .text.TT_Init_Glyph_Loading
                0x0000000000029d68       0x64 /opt/ps3dev/portlibs/ppu/lib/libfreetype.a(truetype.o)
 .text.tt_prepare_zone
                0x0000000000029dcc      0x164 /opt/ps3dev/portlibs/ppu/lib/libfreetype.a(truetype.o)
 .text.TT_Hint_Glyph
                0x0000000000029f30      0x560 /opt/ps3dev/portlibs/ppu/lib/libfreetype.a(truetype.o)
 .text.TT_Process_Simple_Glyph
                0x000000000002a490      0x5b0 /opt/ps3dev/portlibs/ppu/lib/libfreetype.a(truetype.o)
 .text.TT_Process_Composite_Component
                0x000000000002aa40      0x4a4 /opt/ps3dev/portlibs/ppu/lib/libfreetype.a(truetype.o)
 .text.TT_Process_Composite_Glyph
                0x000000000002aee4      0x564 /opt/ps3dev/portlibs/ppu/lib/libfreetype.a(truetype.o)
 .text.load_truetype_glyph
                0x000000000002b448     0x1194 /opt/ps3dev/portlibs/ppu/lib/libfreetype.a(truetype.o)
 .text.compute_glyph_metrics
                0x000000000002c5dc      0x528 /opt/ps3dev/portlibs/ppu/lib/libfreetype.a(truetype.o)
 .text.load_sbit_image
                0x000000000002cb04      0x25c /opt/ps3dev/portlibs/ppu/lib/libfreetype.a(truetype.o)
 .text.tt_loader_init
                0x000000000002cd60      0x414 /opt/ps3dev/portlibs/ppu/lib/libfreetype.a(truetype.o)
 .text.TT_Load_Glyph
                0x000000000002d174      0x4d8 /opt/ps3dev/portlibs/ppu/lib/libfreetype.a(truetype.o)
 .text.tt_glyphzone_done
                0x000000000002d64c      0x148 /opt/ps3dev/portlibs/ppu/lib/libfreetype.a(truetype.o)
 .text.tt_glyphzone_new
                0x000000000002d794      0x21c /opt/ps3dev/portlibs/ppu/lib/libfreetype.a(truetype.o)
 .text.tt_check_trickyness
                0x000000000002d9b0       0xb8 /opt/ps3dev/portlibs/ppu/lib/libfreetype.a(truetype.o)
 .text.tt_face_init
                0x000000000002da68      0x318 /opt/ps3dev/portlibs/ppu/lib/libfreetype.a(truetype.o)
 .text.tt_face_done
                0x000000000002dd80      0x194 /opt/ps3dev/portlibs/ppu/lib/libfreetype.a(truetype.o)
 .text.tt_size_run_fpgm
                0x000000000002df14      0x23c /opt/ps3dev/portlibs/ppu/lib/libfreetype.a(truetype.o)
 .text.tt_size_run_prep
                0x000000000002e150      0x1b4 /opt/ps3dev/portlibs/ppu/lib/libfreetype.a(truetype.o)
 .text.tt_size_done_bytecode
                0x000000000002e304      0x19c /opt/ps3dev/portlibs/ppu/lib/libfreetype.a(truetype.o)
 .text.tt_size_init_bytecode
                0x000000000002e4a0      0x3c8 /opt/ps3dev/portlibs/ppu/lib/libfreetype.a(truetype.o)
 .text.tt_size_ready_bytecode
                0x000000000002e868      0x28c /opt/ps3dev/portlibs/ppu/lib/libfreetype.a(truetype.o)
 .text.tt_size_init
                0x000000000002eaf4       0x78 /opt/ps3dev/portlibs/ppu/lib/libfreetype.a(truetype.o)
 .text.tt_size_done
                0x000000000002eb6c       0x68 /opt/ps3dev/portlibs/ppu/lib/libfreetype.a(truetype.o)
 .text.tt_size_reset
                0x000000000002ebd4      0x3d0 /opt/ps3dev/portlibs/ppu/lib/libfreetype.a(truetype.o)
 .text.tt_driver_init
                0x000000000002efa4       0x64 /opt/ps3dev/portlibs/ppu/lib/libfreetype.a(truetype.o)
 .text.tt_driver_done
                0x000000000002f008       0x6c /opt/ps3dev/portlibs/ppu/lib/libfreetype.a(truetype.o)
 .text.tt_slot_init
                0x000000000002f074       0x58 /opt/ps3dev/portlibs/ppu/lib/libfreetype.a(truetype.o)
 .text.TT_Goto_CodeRange
                0x000000000002f0cc       0xa4 /opt/ps3dev/portlibs/ppu/lib/libfreetype.a(truetype.o)
 .text.TT_Set_CodeRange
                0x000000000002f170       0x8c /opt/ps3dev/portlibs/ppu/lib/libfreetype.a(truetype.o)
 .text.TT_Clear_CodeRange
                0x000000000002f1fc       0x84 /opt/ps3dev/portlibs/ppu/lib/libfreetype.a(truetype.o)
 .text.TT_Done_Context
                0x000000000002f280      0x130 /opt/ps3dev/portlibs/ppu/lib/libfreetype.a(truetype.o)
 .text.Init_Context
                0x000000000002f3b0      0x124 /opt/ps3dev/portlibs/ppu/lib/libfreetype.a(truetype.o)
 .text.Update_Max
                0x000000000002f4d4       0xf4 /opt/ps3dev/portlibs/ppu/lib/libfreetype.a(truetype.o)
 .text.TT_Load_Context
                0x000000000002f5c8      0x4a4 /opt/ps3dev/portlibs/ppu/lib/libfreetype.a(truetype.o)
 .text.TT_Save_Context
                0x000000000002fa6c       0xe8 /opt/ps3dev/portlibs/ppu/lib/libfreetype.a(truetype.o)
 .text.TT_Run_Context
                0x000000000002fb54      0x208 /opt/ps3dev/portlibs/ppu/lib/libfreetype.a(truetype.o)
 .text.TT_New_Context
                0x000000000002fd5c       0xd0 /opt/ps3dev/portlibs/ppu/lib/libfreetype.a(truetype.o)
                0x000000000002fd5c                .TT_New_Context
 .text.TT_MulFix14
                0x000000000002fe2c      0x154 /opt/ps3dev/portlibs/ppu/lib/libfreetype.a(truetype.o)
 .text.TT_DotFix14
                0x000000000002ff80      0x27c /opt/ps3dev/portlibs/ppu/lib/libfreetype.a(truetype.o)
 .text.TT_VecLen
                0x00000000000301fc       0x64 /opt/ps3dev/portlibs/ppu/lib/libfreetype.a(truetype.o)
 .text.Current_Ratio
                0x0000000000030260      0x120 /opt/ps3dev/portlibs/ppu/lib/libfreetype.a(truetype.o)
 .text.Current_Ppem
                0x0000000000030380       0x74 /opt/ps3dev/portlibs/ppu/lib/libfreetype.a(truetype.o)
 .text.Read_CVT
                0x00000000000303f4       0x48 /opt/ps3dev/portlibs/ppu/lib/libfreetype.a(truetype.o)
 .text.Read_CVT_Stretched
                0x000000000003043c       0x80 /opt/ps3dev/portlibs/ppu/lib/libfreetype.a(truetype.o)
 .text.Write_CVT
                0x00000000000304bc       0x4c /opt/ps3dev/portlibs/ppu/lib/libfreetype.a(truetype.o)
 .text.Write_CVT_Stretched
                0x0000000000030508       0x84 /opt/ps3dev/portlibs/ppu/lib/libfreetype.a(truetype.o)
 .text.Move_CVT
                0x000000000003058c       0x70 /opt/ps3dev/portlibs/ppu/lib/libfreetype.a(truetype.o)
 .text.Move_CVT_Stretched
                0x00000000000305fc       0xac /opt/ps3dev/portlibs/ppu/lib/libfreetype.a(truetype.o)
 .text.GetShortIns
                0x00000000000306a8       0x9c /opt/ps3dev/portlibs/ppu/lib/libfreetype.a(truetype.o)
 .text.Ins_Goto_CodeRange
                0x0000000000030744      0x11c /opt/ps3dev/portlibs/ppu/lib/libfreetype.a(truetype.o)
 .text.Direct_Move
                0x0000000000030860      0x1f0 /opt/ps3dev/portlibs/ppu/lib/libfreetype.a(truetype.o)
 .text.Direct_Move_Orig
                0x0000000000030a50      0x178 /opt/ps3dev/portlibs/ppu/lib/libfreetype.a(truetype.o)
 .text.Direct_Move_X
                0x0000000000030bc8       0xbc /opt/ps3dev/portlibs/ppu/lib/libfreetype.a(truetype.o)
 .text.Direct_Move_Y
                0x0000000000030c84       0xbc /opt/ps3dev/portlibs/ppu/lib/libfreetype.a(truetype.o)
 .text.Direct_Move_Orig_X
                0x0000000000030d40       0x80 /opt/ps3dev/portlibs/ppu/lib/libfreetype.a(truetype.o)
 .text.Direct_Move_Orig_Y
                0x0000000000030dc0       0x80 /opt/ps3dev/portlibs/ppu/lib/libfreetype.a(truetype.o)
 .text.Round_None
                0x0000000000030e40       0xac /opt/ps3dev/portlibs/ppu/lib/libfreetype.a(truetype.o)
 .text.Round_To_Grid
                0x0000000000030eec       0xd4 /opt/ps3dev/portlibs/ppu/lib/libfreetype.a(truetype.o)
 .text.Round_To_Half_Grid
                0x0000000000030fc0       0xbc /opt/ps3dev/portlibs/ppu/lib/libfreetype.a(truetype.o)
 .text.Round_Down_To_Grid
                0x000000000003107c       0xcc /opt/ps3dev/portlibs/ppu/lib/libfreetype.a(truetype.o)
 .text.Round_Up_To_Grid
                0x0000000000031148       0xd4 /opt/ps3dev/portlibs/ppu/lib/libfreetype.a(truetype.o)
 .text.Round_To_Double_Grid
                0x000000000003121c       0xd4 /opt/ps3dev/portlibs/ppu/lib/libfreetype.a(truetype.o)
 .text.Round_Super
                0x00000000000312f0      0x138 /opt/ps3dev/portlibs/ppu/lib/libfreetype.a(truetype.o)
 .text.Round_Super_45
                0x0000000000031428      0x148 /opt/ps3dev/portlibs/ppu/lib/libfreetype.a(truetype.o)
 .text.Compute_Round
                0x0000000000031570      0x10c /opt/ps3dev/portlibs/ppu/lib/libfreetype.a(truetype.o)
 .text.SetSuperRound
                0x000000000003167c      0x264 /opt/ps3dev/portlibs/ppu/lib/libfreetype.a(truetype.o)
 .text.Project  0x00000000000318e0       0x88 /opt/ps3dev/portlibs/ppu/lib/libfreetype.a(truetype.o)
 .text.Dual_Project
                0x0000000000031968       0x88 /opt/ps3dev/portlibs/ppu/lib/libfreetype.a(truetype.o)
 .text.Project_x
                0x00000000000319f0       0x38 /opt/ps3dev/portlibs/ppu/lib/libfreetype.a(truetype.o)
 .text.Project_y
                0x0000000000031a28       0x38 /opt/ps3dev/portlibs/ppu/lib/libfreetype.a(truetype.o)
 .text.Compute_Funcs
                0x0000000000031a60      0x268 /opt/ps3dev/portlibs/ppu/lib/libfreetype.a(truetype.o)
 .text.Normalize
                0x0000000000031cc8      0x368 /opt/ps3dev/portlibs/ppu/lib/libfreetype.a(truetype.o)
 .text.Ins_SxVTL
                0x0000000000032030      0x190 /opt/ps3dev/portlibs/ppu/lib/libfreetype.a(truetype.o)
 .text.Ins_MINDEX
                0x00000000000321c0      0x128 /opt/ps3dev/portlibs/ppu/lib/libfreetype.a(truetype.o)
 .text.Ins_ROLL
                0x00000000000322e8       0x7c /opt/ps3dev/portlibs/ppu/lib/libfreetype.a(truetype.o)
 .text.SkipCode
                0x0000000000032364      0x174 /opt/ps3dev/portlibs/ppu/lib/libfreetype.a(truetype.o)
 .text.Ins_IF   0x00000000000324d8      0x110 /opt/ps3dev/portlibs/ppu/lib/libfreetype.a(truetype.o)
 .text.Ins_ELSE
                0x00000000000325e8       0xb0 /opt/ps3dev/portlibs/ppu/lib/libfreetype.a(truetype.o)
 .text.Ins_FDEF
                0x0000000000032698      0x228 /opt/ps3dev/portlibs/ppu/lib/libfreetype.a(truetype.o)
 .text.Ins_ENDF
                0x00000000000328c0      0x130 /opt/ps3dev/portlibs/ppu/lib/libfreetype.a(truetype.o)
 .text.Ins_CALL
                0x00000000000329f0      0x28c /opt/ps3dev/portlibs/ppu/lib/libfreetype.a(truetype.o)
 .text.Ins_LOOPCALL
                0x0000000000032c7c      0x2b8 /opt/ps3dev/portlibs/ppu/lib/libfreetype.a(truetype.o)
 .text.Ins_IDEF
                0x0000000000032f34      0x238 /opt/ps3dev/portlibs/ppu/lib/libfreetype.a(truetype.o)
 .text.Ins_NPUSHB
                0x000000000003316c      0x144 /opt/ps3dev/portlibs/ppu/lib/libfreetype.a(truetype.o)
 .text.Ins_NPUSHW
                0x00000000000332b0      0x160 /opt/ps3dev/portlibs/ppu/lib/libfreetype.a(truetype.o)
 .text.Ins_PUSHB
                0x0000000000033410      0x108 /opt/ps3dev/portlibs/ppu/lib/libfreetype.a(truetype.o)
 .text.Ins_PUSHW
                0x0000000000033518      0x128 /opt/ps3dev/portlibs/ppu/lib/libfreetype.a(truetype.o)
 .text.Ins_GC   0x0000000000033640      0x18c /opt/ps3dev/portlibs/ppu/lib/libfreetype.a(truetype.o)
 .text.Ins_SCFS
                0x00000000000337cc      0x1a8 /opt/ps3dev/portlibs/ppu/lib/libfreetype.a(truetype.o)
 .text.Ins_MD   0x0000000000033974      0x324 /opt/ps3dev/portlibs/ppu/lib/libfreetype.a(truetype.o)
 .text.Ins_SDPVTL
                0x0000000000033c98      0x294 /opt/ps3dev/portlibs/ppu/lib/libfreetype.a(truetype.o)
 .text.Ins_SZP0
                0x0000000000033f2c      0x124 /opt/ps3dev/portlibs/ppu/lib/libfreetype.a(truetype.o)
 .text.Ins_SZP1
                0x0000000000034050      0x124 /opt/ps3dev/portlibs/ppu/lib/libfreetype.a(truetype.o)
 .text.Ins_SZP2
                0x0000000000034174      0x124 /opt/ps3dev/portlibs/ppu/lib/libfreetype.a(truetype.o)
 .text.Ins_SZPS
                0x0000000000034298      0x1dc /opt/ps3dev/portlibs/ppu/lib/libfreetype.a(truetype.o)
 .text.Ins_INSTCTRL
                0x0000000000034474       0xe0 /opt/ps3dev/portlibs/ppu/lib/libfreetype.a(truetype.o)
 .text.Ins_SCANCTRL
                0x0000000000034554      0x1c0 /opt/ps3dev/portlibs/ppu/lib/libfreetype.a(truetype.o)
 .text.Ins_SCANTYPE
                0x0000000000034714       0x50 /opt/ps3dev/portlibs/ppu/lib/libfreetype.a(truetype.o)
 .text.Ins_FLIPPT
                0x0000000000034764      0x160 /opt/ps3dev/portlibs/ppu/lib/libfreetype.a(truetype.o)
 .text.Ins_FLIPRGON
                0x00000000000348c4      0x118 /opt/ps3dev/portlibs/ppu/lib/libfreetype.a(truetype.o)
 .text.Ins_FLIPRGOFF
                0x00000000000349dc      0x118 /opt/ps3dev/portlibs/ppu/lib/libfreetype.a(truetype.o)
 .text.Compute_Point_Displacement
                0x0000000000034af4      0x2c4 /opt/ps3dev/portlibs/ppu/lib/libfreetype.a(truetype.o)
 .text.Move_Zp2_Point
                0x0000000000034db8      0x190 /opt/ps3dev/portlibs/ppu/lib/libfreetype.a(truetype.o)
 .text.Ins_SHP  0x0000000000034f48      0x18c /opt/ps3dev/portlibs/ppu/lib/libfreetype.a(truetype.o)
 .text.Ins_SHC  0x00000000000350d4      0x224 /opt/ps3dev/portlibs/ppu/lib/libfreetype.a(truetype.o)
 .text.Ins_SHZ  0x00000000000352f8      0x1c8 /opt/ps3dev/portlibs/ppu/lib/libfreetype.a(truetype.o)
 .text.Ins_SHPIX
                0x00000000000354c0      0x1bc /opt/ps3dev/portlibs/ppu/lib/libfreetype.a(truetype.o)
 .text.Ins_MSIRP
                0x000000000003567c      0x2f0 /opt/ps3dev/portlibs/ppu/lib/libfreetype.a(truetype.o)
 .text.Ins_MDAP
                0x000000000003596c      0x1d4 /opt/ps3dev/portlibs/ppu/lib/libfreetype.a(truetype.o)
 .text.Ins_MIAP
                0x0000000000035b40      0x330 /opt/ps3dev/portlibs/ppu/lib/libfreetype.a(truetype.o)
 .text.Ins_MDRP
                0x0000000000035e70      0x60c /opt/ps3dev/portlibs/ppu/lib/libfreetype.a(truetype.o)
 .text.Ins_MIRP
                0x000000000003647c      0x6ac /opt/ps3dev/portlibs/ppu/lib/libfreetype.a(truetype.o)
 .text.Ins_ALIGNRP
                0x0000000000036b28      0x270 /opt/ps3dev/portlibs/ppu/lib/libfreetype.a(truetype.o)
 .text.Ins_ISECT
                0x0000000000036d98      0x5f8 /opt/ps3dev/portlibs/ppu/lib/libfreetype.a(truetype.o)
 .text.Ins_ALIGNPTS
                0x0000000000037390      0x20c /opt/ps3dev/portlibs/ppu/lib/libfreetype.a(truetype.o)
 .text.Ins_IP   0x000000000003759c      0x690 /opt/ps3dev/portlibs/ppu/lib/libfreetype.a(truetype.o)
 .text.Ins_UTP  0x0000000000037c2c      0x110 /opt/ps3dev/portlibs/ppu/lib/libfreetype.a(truetype.o)
 .text._iup_worker_shift
                0x0000000000037d3c      0x178 /opt/ps3dev/portlibs/ppu/lib/libfreetype.a(truetype.o)
 .text._iup_worker_interpolate
                0x0000000000037eb4      0x408 /opt/ps3dev/portlibs/ppu/lib/libfreetype.a(truetype.o)
 .text.Ins_IUP  0x00000000000382bc      0x3a4 /opt/ps3dev/portlibs/ppu/lib/libfreetype.a(truetype.o)
 .text.Ins_DELTAP
                0x0000000000038660      0x298 /opt/ps3dev/portlibs/ppu/lib/libfreetype.a(truetype.o)
 .text.Ins_DELTAC
                0x00000000000388f8      0x27c /opt/ps3dev/portlibs/ppu/lib/libfreetype.a(truetype.o)
 .text.Ins_GETINFO
                0x0000000000038b74      0x110 /opt/ps3dev/portlibs/ppu/lib/libfreetype.a(truetype.o)
 .text.Ins_UNKNOWN
                0x0000000000038c84      0x1cc /opt/ps3dev/portlibs/ppu/lib/libfreetype.a(truetype.o)
 .text.TT_RunIns
                0x0000000000038e50     0x1b78 /opt/ps3dev/portlibs/ppu/lib/libfreetype.a(truetype.o)
                0x0000000000038e50                .TT_RunIns
 .text.ft_var_readpackedpoints
                0x000000000003a9c8      0x330 /opt/ps3dev/portlibs/ppu/lib/libfreetype.a(truetype.o)
 .text.ft_var_readpackeddeltas
                0x000000000003acf8      0x2b0 /opt/ps3dev/portlibs/ppu/lib/libfreetype.a(truetype.o)
 .text.ft_var_load_avar
                0x000000000003afa8      0x3c4 /opt/ps3dev/portlibs/ppu/lib/libfreetype.a(truetype.o)
 .text.ft_var_load_gvar
                0x000000000003b36c      0x574 /opt/ps3dev/portlibs/ppu/lib/libfreetype.a(truetype.o)
 .text.ft_var_apply_tuple
                0x000000000003b8e0      0x3c8 /opt/ps3dev/portlibs/ppu/lib/libfreetype.a(truetype.o)
 .text.TT_Get_MM_Var
                0x000000000003bca8      0xa78 /opt/ps3dev/portlibs/ppu/lib/libfreetype.a(truetype.o)
 .text.TT_Set_MM_Blend
                0x000000000003c720      0x354 /opt/ps3dev/portlibs/ppu/lib/libfreetype.a(truetype.o)
 .text.TT_Set_Var_Design
                0x000000000003ca74      0x580 /opt/ps3dev/portlibs/ppu/lib/libfreetype.a(truetype.o)
 .text.tt_face_vary_cvt
                0x000000000003cff4      0x860 /opt/ps3dev/portlibs/ppu/lib/libfreetype.a(truetype.o)
 .text.TT_Vary_Get_Glyph_Deltas
                0x000000000003d854      0xb68 /opt/ps3dev/portlibs/ppu/lib/libfreetype.a(truetype.o)
 .text.tt_done_blend
                0x000000000003e3bc      0x1a0 /opt/ps3dev/portlibs/ppu/lib/libfreetype.a(truetype.o)
 .text          0x000000000003e55c        0x0 /opt/ps3dev/portlibs/ppu/lib/libfreetype.a(type1.o)
 .text.read_pfb_tag
                0x000000000003e55c      0x108 /opt/ps3dev/portlibs/ppu/lib/libfreetype.a(type1.o)
 .text.check_type1_format
                0x000000000003e664      0x158 /opt/ps3dev/portlibs/ppu/lib/libfreetype.a(type1.o)
 .text.T1_New_Parser
                0x000000000003e7bc      0x3b0 /opt/ps3dev/portlibs/ppu/lib/libfreetype.a(type1.o)
 .text.T1_Finalize_Parser
                0x000000000003eb6c       0xcc /opt/ps3dev/portlibs/ppu/lib/libfreetype.a(type1.o)
 .text.T1_Get_Private_Dict
                0x000000000003ec38      0x97c /opt/ps3dev/portlibs/ppu/lib/libfreetype.a(type1.o)
 .text.t1_allocate_blend
                0x000000000003f5b4      0x534 /opt/ps3dev/portlibs/ppu/lib/libfreetype.a(type1.o)
 .text.T1_Get_Multi_Master
                0x000000000003fae8      0x178 /opt/ps3dev/portlibs/ppu/lib/libfreetype.a(type1.o)
 .text.mm_axis_unmap
                0x000000000003fc60      0x1fc /opt/ps3dev/portlibs/ppu/lib/libfreetype.a(type1.o)
 .text.mm_weights_unmap
                0x000000000003fe5c      0x3f8 /opt/ps3dev/portlibs/ppu/lib/libfreetype.a(type1.o)
 .text.T1_Get_MM_Var
                0x0000000000040254      0x578 /opt/ps3dev/portlibs/ppu/lib/libfreetype.a(type1.o)
 .text.T1_Set_MM_Blend
                0x00000000000407cc      0x1c0 /opt/ps3dev/portlibs/ppu/lib/libfreetype.a(type1.o)
 .text.T1_Set_MM_Design
                0x000000000004098c      0x300 /opt/ps3dev/portlibs/ppu/lib/libfreetype.a(type1.o)
 .text.T1_Set_Var_Design
                0x0000000000040c8c      0x10c /opt/ps3dev/portlibs/ppu/lib/libfreetype.a(type1.o)
 .text.T1_Done_Blend
                0x0000000000040d98      0x32c /opt/ps3dev/portlibs/ppu/lib/libfreetype.a(type1.o)
 .text.parse_blend_axis_types
                0x00000000000410c4      0x2a4 /opt/ps3dev/portlibs/ppu/lib/libfreetype.a(type1.o)
 .text.parse_blend_design_positions
                0x0000000000041368      0x368 /opt/ps3dev/portlibs/ppu/lib/libfreetype.a(type1.o)
 .text.parse_blend_design_map
                0x00000000000416d0      0x444 /opt/ps3dev/portlibs/ppu/lib/libfreetype.a(type1.o)
 .text.parse_weight_vector
                0x0000000000041b14      0x2a8 /opt/ps3dev/portlibs/ppu/lib/libfreetype.a(type1.o)
 .text.parse_buildchar
                0x0000000000041dbc       0x88 /opt/ps3dev/portlibs/ppu/lib/libfreetype.a(type1.o)
 .text.t1_load_keyword
                0x0000000000041e44      0x3c0 /opt/ps3dev/portlibs/ppu/lib/libfreetype.a(type1.o)
 .text.parse_private
                0x0000000000042204       0x48 /opt/ps3dev/portlibs/ppu/lib/libfreetype.a(type1.o)
 .text.read_binary_data
                0x000000000004224c      0x194 /opt/ps3dev/portlibs/ppu/lib/libfreetype.a(type1.o)
 .text.parse_font_matrix
                0x00000000000423e0      0x248 /opt/ps3dev/portlibs/ppu/lib/libfreetype.a(type1.o)
 .text.parse_encoding
                0x0000000000042628      0x974 /opt/ps3dev/portlibs/ppu/lib/libfreetype.a(type1.o)
 .text.parse_subrs
                0x0000000000042f9c      0x608 /opt/ps3dev/portlibs/ppu/lib/libfreetype.a(type1.o)
 .text.parse_charstrings
                0x00000000000435a4      0xef0 /opt/ps3dev/portlibs/ppu/lib/libfreetype.a(type1.o)
 .text.parse_dict
                0x0000000000044494      0xb9c /opt/ps3dev/portlibs/ppu/lib/libfreetype.a(type1.o)
 .text.t1_init_loader
                0x0000000000045030       0xbc /opt/ps3dev/portlibs/ppu/lib/libfreetype.a(type1.o)
 .text.t1_done_loader
                0x00000000000450ec      0x188 /opt/ps3dev/portlibs/ppu/lib/libfreetype.a(type1.o)
 .text.T1_Open_Face
                0x0000000000045274      0x6a4 /opt/ps3dev/portlibs/ppu/lib/libfreetype.a(type1.o)
 .text.T1_Size_Get_Globals_Funcs
                0x0000000000045918       0xd4 /opt/ps3dev/portlibs/ppu/lib/libfreetype.a(type1.o)
 .text.T1_Size_Done
                0x00000000000459ec       0x9c /opt/ps3dev/portlibs/ppu/lib/libfreetype.a(type1.o)
 .text.T1_Size_Init
                0x0000000000045a88       0xd8 /opt/ps3dev/portlibs/ppu/lib/libfreetype.a(type1.o)
 .text.T1_Size_Request
                0x0000000000045b60       0xc4 /opt/ps3dev/portlibs/ppu/lib/libfreetype.a(type1.o)
 .text.T1_GlyphSlot_Done
                0x0000000000045c24       0x38 /opt/ps3dev/portlibs/ppu/lib/libfreetype.a(type1.o)
 .text.T1_GlyphSlot_Init
                0x0000000000045c5c       0xd0 /opt/ps3dev/portlibs/ppu/lib/libfreetype.a(type1.o)
 .text.T1_Face_Done
                0x0000000000045d2c      0x350 /opt/ps3dev/portlibs/ppu/lib/libfreetype.a(type1.o)
 .text.T1_Face_Init
                0x000000000004607c      0x888 /opt/ps3dev/portlibs/ppu/lib/libfreetype.a(type1.o)
 .text.T1_Driver_Init
                0x0000000000046904       0x30 /opt/ps3dev/portlibs/ppu/lib/libfreetype.a(type1.o)
 .text.T1_Driver_Done
                0x0000000000046934       0x28 /opt/ps3dev/portlibs/ppu/lib/libfreetype.a(type1.o)
 .text.t1_get_glyph_name
                0x000000000004695c       0x8c /opt/ps3dev/portlibs/ppu/lib/libfreetype.a(type1.o)
 .text.t1_get_name_index
                0x00000000000469e8       0xbc /opt/ps3dev/portlibs/ppu/lib/libfreetype.a(type1.o)
 .text.t1_get_ps_name
                0x0000000000046aa4       0x34 /opt/ps3dev/portlibs/ppu/lib/libfreetype.a(type1.o)
 .text.t1_ps_get_font_info
                0x0000000000046ad8       0x74 /opt/ps3dev/portlibs/ppu/lib/libfreetype.a(type1.o)
 .text.t1_ps_get_font_extra
                0x0000000000046b4c       0x44 /opt/ps3dev/portlibs/ppu/lib/libfreetype.a(type1.o)
 .text.t1_ps_has_glyph_names
                0x0000000000046b90       0x30 /opt/ps3dev/portlibs/ppu/lib/libfreetype.a(type1.o)
 .text.t1_ps_get_font_private
                0x0000000000046bc0       0x6c /opt/ps3dev/portlibs/ppu/lib/libfreetype.a(type1.o)
 .text.Get_Interface
                0x0000000000046c2c       0x54 /opt/ps3dev/portlibs/ppu/lib/libfreetype.a(type1.o)
 .text.Get_Kerning
                0x0000000000046c80       0xa8 /opt/ps3dev/portlibs/ppu/lib/libfreetype.a(type1.o)
 .text.T1_Parse_Glyph_And_Get_Char_String
                0x0000000000046d28      0x31c /opt/ps3dev/portlibs/ppu/lib/libfreetype.a(type1.o)
 .text.T1_Parse_Glyph
                0x0000000000047044       0xe8 /opt/ps3dev/portlibs/ppu/lib/libfreetype.a(type1.o)
 .text.T1_Compute_Max_Advance
                0x000000000004712c      0x220 /opt/ps3dev/portlibs/ppu/lib/libfreetype.a(type1.o)
 .text.T1_Get_Advances
                0x000000000004734c      0x280 /opt/ps3dev/portlibs/ppu/lib/libfreetype.a(type1.o)
 .text.T1_Load_Glyph
                0x00000000000475cc      0x9ac /opt/ps3dev/portlibs/ppu/lib/libfreetype.a(type1.o)
 .text.T1_Done_Metrics
                0x0000000000047f78       0xb4 /opt/ps3dev/portlibs/ppu/lib/libfreetype.a(type1.o)
 .text.t1_get_index
                0x000000000004802c      0x130 /opt/ps3dev/portlibs/ppu/lib/libfreetype.a(type1.o)
 .text.compare_kern_pairs
                0x000000000004815c       0xcc /opt/ps3dev/portlibs/ppu/lib/libfreetype.a(type1.o)
 .text.T1_Read_PFM
                0x0000000000048228      0x5b0 /opt/ps3dev/portlibs/ppu/lib/libfreetype.a(type1.o)
 .text.T1_Read_Metrics
                0x00000000000487d8      0x470 /opt/ps3dev/portlibs/ppu/lib/libfreetype.a(type1.o)
 .text.T1_Get_Kerning
                0x0000000000048c48      0x1a4 /opt/ps3dev/portlibs/ppu/lib/libfreetype.a(type1.o)
 .text.T1_Get_Track_Kerning
                0x0000000000048dec      0x1a8 /opt/ps3dev/portlibs/ppu/lib/libfreetype.a(type1.o)
 .text          0x0000000000048f94        0x0 /opt/ps3dev/portlibs/ppu/lib/libfreetype.a(cff.o)
 .text.cff_get_kerning
                0x0000000000048f94       0xe0 /opt/ps3dev/portlibs/ppu/lib/libfreetype.a(cff.o)
 .text.Load_Glyph
                0x0000000000049074      0x108 /opt/ps3dev/portlibs/ppu/lib/libfreetype.a(cff.o)
 .text.cff_get_advances
                0x000000000004917c      0x140 /opt/ps3dev/portlibs/ppu/lib/libfreetype.a(cff.o)
 .text.cff_get_glyph_name
                0x00000000000492bc       0xec /opt/ps3dev/portlibs/ppu/lib/libfreetype.a(cff.o)
 .text.cff_get_name_index
                0x00000000000493a8      0x19c /opt/ps3dev/portlibs/ppu/lib/libfreetype.a(cff.o)
 .text.cff_ps_has_glyph_names
                0x0000000000049544       0x4c /opt/ps3dev/portlibs/ppu/lib/libfreetype.a(cff.o)
 .text.cff_ps_get_font_info
                0x0000000000049590      0x23c /opt/ps3dev/portlibs/ppu/lib/libfreetype.a(cff.o)
 .text.cff_get_ps_name
                0x00000000000497cc       0x40 /opt/ps3dev/portlibs/ppu/lib/libfreetype.a(cff.o)
 .text.cff_get_cmap_info
                0x000000000004980c      0x12c /opt/ps3dev/portlibs/ppu/lib/libfreetype.a(cff.o)
 .text.cff_get_ros
                0x0000000000049938      0x174 /opt/ps3dev/portlibs/ppu/lib/libfreetype.a(cff.o)
 .text.cff_get_is_cid
                0x0000000000049aac       0xa0 /opt/ps3dev/portlibs/ppu/lib/libfreetype.a(cff.o)
 .text.cff_get_cid_from_glyph_index
                0x0000000000049b4c       0xfc /opt/ps3dev/portlibs/ppu/lib/libfreetype.a(cff.o)
 .text.cff_get_interface
                0x0000000000049c48       0xe0 /opt/ps3dev/portlibs/ppu/lib/libfreetype.a(cff.o)
 .text.cff_parser_init
                0x0000000000049d28       0x98 /opt/ps3dev/portlibs/ppu/lib/libfreetype.a(cff.o)
 .text.cff_parse_integer
                0x0000000000049dc0      0x2b0 /opt/ps3dev/portlibs/ppu/lib/libfreetype.a(cff.o)
 .text.cff_parse_real
                0x000000000004a070      0x820 /opt/ps3dev/portlibs/ppu/lib/libfreetype.a(cff.o)
 .text.cff_parse_num
                0x000000000004a890       0xac /opt/ps3dev/portlibs/ppu/lib/libfreetype.a(cff.o)
 .text.cff_parse_fixed
                0x000000000004a93c       0xac /opt/ps3dev/portlibs/ppu/lib/libfreetype.a(cff.o)
 .text.cff_parse_fixed_scaled
                0x000000000004a9e8       0xc8 /opt/ps3dev/portlibs/ppu/lib/libfreetype.a(cff.o)
 .text.cff_parse_fixed_dynamic
                0x000000000004aab0      0x1e8 /opt/ps3dev/portlibs/ppu/lib/libfreetype.a(cff.o)
 .text.cff_parse_font_matrix
                0x000000000004ac98      0x2a8 /opt/ps3dev/portlibs/ppu/lib/libfreetype.a(cff.o)
 .text.cff_parse_font_bbox
                0x000000000004af40      0x188 /opt/ps3dev/portlibs/ppu/lib/libfreetype.a(cff.o)
 .text.cff_parse_private_dict
                0x000000000004b0c8       0xdc /opt/ps3dev/portlibs/ppu/lib/libfreetype.a(cff.o)
 .text.cff_parse_cid_ros
                0x000000000004b1a4      0x104 /opt/ps3dev/portlibs/ppu/lib/libfreetype.a(cff.o)
 .text.cff_parser_run
                0x000000000004b2a8      0x68c /opt/ps3dev/portlibs/ppu/lib/libfreetype.a(cff.o)
 .text.cff_get_standard_encoding
                0x000000000004b934       0x60 /opt/ps3dev/portlibs/ppu/lib/libfreetype.a(cff.o)
 .text.cff_index_read_offset
                0x000000000004b994      0x100 /opt/ps3dev/portlibs/ppu/lib/libfreetype.a(cff.o)
 .text.cff_index_init
                0x000000000004ba94      0x2d8 /opt/ps3dev/portlibs/ppu/lib/libfreetype.a(cff.o)
 .text.cff_index_done
                0x000000000004bd6c       0xc0 /opt/ps3dev/portlibs/ppu/lib/libfreetype.a(cff.o)
 .text.cff_index_load_offsets
                0x000000000004be2c      0x44c /opt/ps3dev/portlibs/ppu/lib/libfreetype.a(cff.o)
 .text.cff_index_get_pointers
                0x000000000004c278      0x428 /opt/ps3dev/portlibs/ppu/lib/libfreetype.a(cff.o)
 .text.cff_index_access_element
                0x000000000004c6a0      0x378 /opt/ps3dev/portlibs/ppu/lib/libfreetype.a(cff.o)
 .text.cff_index_forget_element
                0x000000000004ca18       0x68 /opt/ps3dev/portlibs/ppu/lib/libfreetype.a(cff.o)
 .text.cff_index_get_name
                0x000000000004ca80      0x130 /opt/ps3dev/portlibs/ppu/lib/libfreetype.a(cff.o)
 .text.cff_index_get_string
                0x000000000004cbb0       0x70 /opt/ps3dev/portlibs/ppu/lib/libfreetype.a(cff.o)
 .text.cff_index_get_sid_string
                0x000000000004cc20       0xdc /opt/ps3dev/portlibs/ppu/lib/libfreetype.a(cff.o)
 .text.CFF_Done_FD_Select
                0x000000000004ccfc       0x88 /opt/ps3dev/portlibs/ppu/lib/libfreetype.a(cff.o)
 .text.CFF_Load_FD_Select
                0x000000000004cd84      0x18c /opt/ps3dev/portlibs/ppu/lib/libfreetype.a(cff.o)
 .text.cff_fd_select_get
                0x000000000004cf10      0x240 /opt/ps3dev/portlibs/ppu/lib/libfreetype.a(cff.o)
 .text.cff_charset_compute_cids
                0x000000000004d150      0x1e4 /opt/ps3dev/portlibs/ppu/lib/libfreetype.a(cff.o)
 .text.cff_charset_cid_to_gindex
                0x000000000004d334       0x80 /opt/ps3dev/portlibs/ppu/lib/libfreetype.a(cff.o)
 .text.cff_charset_free_cids
                0x000000000004d3b4       0x6c /opt/ps3dev/portlibs/ppu/lib/libfreetype.a(cff.o)
 .text.cff_charset_done
                0x000000000004d420       0x90 /opt/ps3dev/portlibs/ppu/lib/libfreetype.a(cff.o)
 .text.cff_charset_load
                0x000000000004d4b0      0x694 /opt/ps3dev/portlibs/ppu/lib/libfreetype.a(cff.o)
 .text.cff_encoding_done
                0x000000000004db44       0x4c /opt/ps3dev/portlibs/ppu/lib/libfreetype.a(cff.o)
 .text.cff_encoding_load
                0x000000000004db90      0x828 /opt/ps3dev/portlibs/ppu/lib/libfreetype.a(cff.o)
 .text.cff_subfont_load
                0x000000000004e3b8      0x44c /opt/ps3dev/portlibs/ppu/lib/libfreetype.a(cff.o)
 .text.cff_subfont_done
                0x000000000004e804       0x7c /opt/ps3dev/portlibs/ppu/lib/libfreetype.a(cff.o)
 .text.cff_font_load
                0x000000000004e880      0x7e0 /opt/ps3dev/portlibs/ppu/lib/libfreetype.a(cff.o)
 .text.cff_font_done
                0x000000000004f060      0x224 /opt/ps3dev/portlibs/ppu/lib/libfreetype.a(cff.o)
 .text.cff_size_get_globals_funcs
                0x000000000004f284       0xe0 /opt/ps3dev/portlibs/ppu/lib/libfreetype.a(cff.o)
 .text.cff_size_done
                0x000000000004f364      0x128 /opt/ps3dev/portlibs/ppu/lib/libfreetype.a(cff.o)
 .text.cff_make_private_dict
                0x000000000004f48c      0x444 /opt/ps3dev/portlibs/ppu/lib/libfreetype.a(cff.o)
 .text.cff_size_init
                0x000000000004f8d0      0x220 /opt/ps3dev/portlibs/ppu/lib/libfreetype.a(cff.o)
 .text.cff_size_select
                0x000000000004faf0      0x234 /opt/ps3dev/portlibs/ppu/lib/libfreetype.a(cff.o)
 .text.cff_size_request
                0x000000000004fd24      0x2c4 /opt/ps3dev/portlibs/ppu/lib/libfreetype.a(cff.o)
 .text.cff_slot_done
                0x000000000004ffe8       0x38 /opt/ps3dev/portlibs/ppu/lib/libfreetype.a(cff.o)
 .text.cff_slot_init
                0x0000000000050020       0xdc /opt/ps3dev/portlibs/ppu/lib/libfreetype.a(cff.o)
 .text.cff_strcpy
                0x00000000000500fc       0x6c /opt/ps3dev/portlibs/ppu/lib/libfreetype.a(cff.o)
 .text.remove_subset_prefix
                0x0000000000050168      0x180 /opt/ps3dev/portlibs/ppu/lib/libfreetype.a(cff.o)
 .text.cff_face_init
                0x00000000000502e8     0x1390 /opt/ps3dev/portlibs/ppu/lib/libfreetype.a(cff.o)
 .text.cff_face_done
                0x0000000000051678       0xe4 /opt/ps3dev/portlibs/ppu/lib/libfreetype.a(cff.o)
 .text.cff_driver_init
                0x000000000005175c       0x30 /opt/ps3dev/portlibs/ppu/lib/libfreetype.a(cff.o)